[0.353s] Invoking command in '/home/ubuntu/ros2_ws/src/proj1_turtlesim': DEBUGINFOD_URLS=https://debuginfod.ubuntu.com PYTHONPATH=/home/ubuntu/ros2_ws/build/proj1_turtlesim/prefix_override:/usr/lib/python3/dist-packages/colcon_core/task/python/colcon_distutils_commands:/home/ubuntu/ros2_ws/install/proj1_turtlesim/lib/python3.12/site-packages:${PYTHONPATH} /usr/bin/python3 -W ignore:setup.py install is deprecated -W ignore:easy_install command is deprecated setup.py egg_info --egg-base ../../build/proj1_turtlesim build --build-base /home/ubuntu/ros2_ws/build/proj1_turtlesim/build install --record /home/ubuntu/ros2_ws/build/proj1_turtlesim/install.log --single-version-externally-managed install_data
[0.448s] running egg_info
[0.454s] writing ../../build/proj1_turtlesim/proj1_turtlesim.egg-info/PKG-INFO
[0.455s] writing dependency_links to ../../build/proj1_turtlesim/proj1_turtlesim.egg-info/dependency_links.txt
[0.456s] writing entry points to ../../build/proj1_turtlesim/proj1_turtlesim.egg-info/entry_points.txt
[0.457s] writing requirements to ../../build/proj1_turtlesim/proj1_turtlesim.egg-info/requires.txt
[0.457s] writing top-level names to ../../build/proj1_turtlesim/proj1_turtlesim.egg-info/top_level.txt
[0.471s] reading manifest file '../../build/proj1_turtlesim/proj1_turtlesim.egg-info/SOURCES.txt'
[0.472s] writing manifest file '../../build/proj1_turtlesim/proj1_turtlesim.egg-info/SOURCES.txt'
[0.473s] running build
[0.473s] running build_py
[0.473s] copying proj1_turtlesim/input.py -> /home/ubuntu/ros2_ws/build/proj1_turtlesim/build/lib/proj1_turtlesim
[0.474s] running install
[0.478s] running install_lib
[0.487s] copying /home/ubuntu/ros2_ws/build/proj1_turtlesim/build/lib/proj1_turtlesim/input.py -> /home/ubuntu/ros2_ws/install/proj1_turtlesim/lib/python3.12/site-packages/proj1_turtlesim
[0.489s] byte-compiling /home/ubuntu/ros2_ws/install/proj1_turtlesim/lib/python3.12/site-packages/proj1_turtlesim/input.py to input.cpython-312.pyc
[0.491s] running install_data
[0.492s] running install_egg_info
[0.503s] removing '/home/ubuntu/ros2_ws/install/proj1_turtlesim/lib/python3.12/site-packages/proj1_turtlesim-0.0.0-py3.12.egg-info' (and everything under it)
[0.505s] Copying ../../build/proj1_turtlesim/proj1_turtlesim.egg-info to /home/ubuntu/ros2_ws/install/proj1_turtlesim/lib/python3.12/site-packages/proj1_turtlesim-0.0.0-py3.12.egg-info
[0.516s] running install_scripts
[0.579s] Installing input script to /home/ubuntu/ros2_ws/install/proj1_turtlesim/lib/proj1_turtlesim
[0.580s] writing list of installed files to '/home/ubuntu/ros2_ws/build/proj1_turtlesim/install.log'
[0.595s] Invoked command in '/home/ubuntu/ros2_ws/src/proj1_turtlesim' returned '0': DEBUGINFOD_URLS=https://debuginfod.ubuntu.com PYTHONPATH=/home/ubuntu/ros2_ws/build/proj1_turtlesim/prefix_override:/usr/lib/python3/dist-packages/colcon_core/task/python/colcon_distutils_commands:/home/ubuntu/ros2_ws/install/proj1_turtlesim/lib/python3.12/site-packages:${PYTHONPATH} /usr/bin/python3 -W ignore:setup.py install is deprecated -W ignore:easy_install command is deprecated setup.py egg_info --egg-base ../../build/proj1_turtlesim build --build-base /home/ubuntu/ros2_ws/build/proj1_turtlesim/build install --record /home/ubuntu/ros2_ws/build/proj1_turtlesim/install.log --single-version-externally-managed install_data
