[01m[K/home/ubuntu/ros2_ws/src/cpp_pubsub_lab3/src/talker.cpp:9:37:[m[K [01;31m[Kerror: [m[Kexpected ‘[01m[K;[m[K’ before ‘[01m[Kint[m[K’
    9 | using namespace std::chrono_literals
      |                                     [01;31m[K^[m[K
      |                                     [32m[K;[m[K
   10 | 
   11 | [32m[Kint[m[K main(int argc, char * argv[]){
      | [32m[K~~~[m[K                                  
[01m[K/home/ubuntu/ros2_ws/src/cpp_pubsub_lab3/src/talker.cpp:[m[K In function ‘[01m[Kint[01;32m[K main[m[K(int, char**)[m[K’:
[01m[K/home/ubuntu/ros2_ws/src/cpp_pubsub_lab3/src/talker.cpp:15:5:[m[K [01;31m[Kerror: [m[Kexpected ‘[01m[K,[m[K’ or ‘[01m[K;[m[K’ before ‘[01m[Krclcpp[m[K’
   15 |     [01;31m[Krclcpp[m[K::WallRate rate(5Hz);
      |     [01;31m[K^~~~~~[m[K
[01m[K/home/ubuntu/ros2_ws/src/cpp_pubsub_lab3/src/talker.cpp:19:13:[m[K [01;31m[Kerror: [m[K‘[01m[Kdata[m[K’ was not declared in this scope; did you mean ‘[01m[Kstd::data[m[K’?
   19 |         msg,[01;31m[Kdata[m[K = "[cpp] lab3 hell #" + std::to_string(count++);
      |             [01;31m[K^~~~[m[K
      |             [32m[Kstd::data[m[K
In file included from [01m[K/usr/include/c++/13/unordered_map:42[m[K,
                 from [01m[K/usr/include/c++/13/functional:63[m[K,
                 from [01m[K/home/ubuntu/ros2_ws/src/cpp_pubsub_lab3/src/talker.cpp:2[m[K:
[01m[K/usr/include/c++/13/bits/range_access.h:346:5:[m[K [01;36m[Knote: [m[K‘[01m[Kstd::data[m[K’ declared here
  346 |     [01;36m[Kdata[m[K(initializer_list<_Tp> __il) noexcept
      |     [01;36m[K^~~~[m[K
[01m[K/home/ubuntu/ros2_ws/src/cpp_pubsub_lab3/src/talker.cpp:24:9:[m[K [01;31m[Kerror: [m[K‘[01m[Krate[m[K’ was not declared in this scope
   24 |         [01;31m[Krate[m[K.sleep();
      |         [01;31m[K^~~~[m[K
gmake[2]: *** [CMakeFiles/talker.dir/build.make:76: CMakeFiles/talker.dir/src/talker.cpp.o] Error 1
gmake[1]: *** [CMakeFiles/Makefile2:139: CMakeFiles/talker.dir/all] Error 2
gmake: *** [Makefile:146: all] Error 2
