[0.014s] Invoking command in '/home/ubuntu/ros2_ws/build/cpp_pubsub_lab3': CMAKE_PREFIX_PATH=${CMAKE_PREFIX_PATH}:/home/ubuntu/ros2_ws/install/py_pubsub_lab3:/home/ubuntu/ros2_ws/install/lab1_turtle_py:/opt/ros/jazzy DEBUGINFOD_URLS=https://debuginfod.ubuntu.com /usr/bin/cmake --build /home/ubuntu/ros2_ws/build/cpp_pubsub_lab3 -- -j2 -l2
[0.068s] [ 50%] Built target listener
[0.280s] [ 75%] [32mBuilding CXX object CMakeFiles/talker.dir/src/talker.cpp.o[0m
[1.908s] [100%] [32m[1mLinking CXX executable talker[0m
[2.027s] [100%] Built target talker
[2.033s] Invoked command in '/home/ubuntu/ros2_ws/build/cpp_pubsub_lab3' returned '0': CMAKE_PREFIX_PATH=${CMAKE_PREFIX_PATH}:/home/ubuntu/ros2_ws/install/py_pubsub_lab3:/home/ubuntu/ros2_ws/install/lab1_turtle_py:/opt/ros/jazzy DEBUGINFOD_URLS=https://debuginfod.ubuntu.com /usr/bin/cmake --build /home/ubuntu/ros2_ws/build/cpp_pubsub_lab3 -- -j2 -l2
[2.035s] Invoking command in '/home/ubuntu/ros2_ws/build/cpp_pubsub_lab3': CMAKE_PREFIX_PATH=${CMAKE_PREFIX_PATH}:/home/ubuntu/ros2_ws/install/py_pubsub_lab3:/home/ubuntu/ros2_ws/install/lab1_turtle_py:/opt/ros/jazzy DEBUGINFOD_URLS=https://debuginfod.ubuntu.com /usr/bin/cmake --install /home/ubuntu/ros2_ws/build/cpp_pubsub_lab3
[2.040s] -- Install configuration: ""
[2.041s] -- Installing: /home/ubuntu/ros2_ws/install/cpp_pubsub_lab3/lib/cpp_pubsub_lab3/talker
[2.056s] -- Set non-toolchain portion of runtime path of "/home/ubuntu/ros2_ws/install/cpp_pubsub_lab3/lib/cpp_pubsub_lab3/talker" to ""
[2.057s] -- Installing: /home/ubuntu/ros2_ws/install/cpp_pubsub_lab3/lib/cpp_pubsub_lab3/listener
[2.109s] -- Set non-toolchain portion of runtime path of "/home/ubuntu/ros2_ws/install/cpp_pubsub_lab3/lib/cpp_pubsub_lab3/listener" to ""
[2.110s] -- Installing: /home/ubuntu/ros2_ws/install/cpp_pubsub_lab3/share/ament_index/resource_index/package_run_dependencies/cpp_pubsub_lab3
[2.112s] -- Installing: /home/ubuntu/ros2_ws/install/cpp_pubsub_lab3/share/ament_index/resource_index/parent_prefix_path/cpp_pubsub_lab3
[2.114s] -- Installing: /home/ubuntu/ros2_ws/install/cpp_pubsub_lab3/share/cpp_pubsub_lab3/environment/ament_prefix_path.sh
[2.115s] -- Installing: /home/ubuntu/ros2_ws/install/cpp_pubsub_lab3/share/cpp_pubsub_lab3/environment/ament_prefix_path.dsv
[2.117s] -- Installing: /home/ubuntu/ros2_ws/install/cpp_pubsub_lab3/share/cpp_pubsub_lab3/environment/path.sh
[2.118s] -- Installing: /home/ubuntu/ros2_ws/install/cpp_pubsub_lab3/share/cpp_pubsub_lab3/environment/path.dsv
[2.119s] -- Installing: /home/ubuntu/ros2_ws/install/cpp_pubsub_lab3/share/cpp_pubsub_lab3/local_setup.bash
[2.120s] -- Installing: /home/ubuntu/ros2_ws/install/cpp_pubsub_lab3/share/cpp_pubsub_lab3/local_setup.sh
[2.123s] -- Installing: /home/ubuntu/ros2_ws/install/cpp_pubsub_lab3/share/cpp_pubsub_lab3/local_setup.zsh
[2.125s] -- Installing: /home/ubuntu/ros2_ws/install/cpp_pubsub_lab3/share/cpp_pubsub_lab3/local_setup.dsv
[2.126s] -- Installing: /home/ubuntu/ros2_ws/install/cpp_pubsub_lab3/share/cpp_pubsub_lab3/package.dsv
[2.128s] -- Installing: /home/ubuntu/ros2_ws/install/cpp_pubsub_lab3/share/ament_index/resource_index/packages/cpp_pubsub_lab3
[2.131s] -- Installing: /home/ubuntu/ros2_ws/install/cpp_pubsub_lab3/share/cpp_pubsub_lab3/cmake/cpp_pubsub_lab3Config.cmake
[2.133s] -- Installing: /home/ubuntu/ros2_ws/install/cpp_pubsub_lab3/share/cpp_pubsub_lab3/cmake/cpp_pubsub_lab3Config-version.cmake
[2.134s] -- Installing: /home/ubuntu/ros2_ws/install/cpp_pubsub_lab3/share/cpp_pubsub_lab3/package.xml
[2.137s] Invoked command in '/home/ubuntu/ros2_ws/build/cpp_pubsub_lab3' returned '0': CMAKE_PREFIX_PATH=${CMAKE_PREFIX_PATH}:/home/ubuntu/ros2_ws/install/py_pubsub_lab3:/home/ubuntu/ros2_ws/install/lab1_turtle_py:/opt/ros/jazzy DEBUGINFOD_URLS=https://debuginfod.ubuntu.com /usr/bin/cmake --install /home/ubuntu/ros2_ws/build/cpp_pubsub_lab3
