[0.010s] Invoking command in '/home/ubuntu/ros2_ws/build/cpp_pubsub_lab3': CMAKE_PREFIX_PATH=${CMAKE_PREFIX_PATH}:/home/ubuntu/ros2_ws/install/lab1_turtle_py:/opt/ros/jazzy DEBUGINFOD_URLS=https://debuginfod.ubuntu.com /usr/bin/cmake /home/ubuntu/ros2_ws/src/cpp_pubsub_lab3 -DCMAKE_INSTALL_PREFIX=/home/ubuntu/ros2_ws/install/cpp_pubsub_lab3
[0.056s] -- The C compiler identification is GNU 13.3.0
[0.095s] -- The CXX compiler identification is GNU 13.3.0
[0.103s] -- Detecting C compiler ABI info
[0.179s] -- Detecting C compiler ABI info - done
[0.197s] -- Check for working C compiler: /usr/bin/cc - skipped
[0.198s] -- Detecting C compile features
[0.198s] -- Detecting C compile features - done
[0.204s] -- Detecting CXX compiler ABI info
[0.284s] -- Detecting CXX compiler ABI info - done
[0.301s] -- Check for working CXX compiler: /usr/bin/c++ - skipped
[0.301s] -- Detecting CXX compile features
[0.302s] -- Detecting CXX compile features - done
[0.306s] -- Found ament_cmake: 2.5.6 (/opt/ros/jazzy/share/ament_cmake/cmake)
[0.417s] -- Found Python3: /usr/bin/python3 (found version "3.12.3") found components: Interpreter 
[0.548s] -- Found rclcpp: 28.1.18 (/opt/ros/jazzy/share/rclcpp/cmake)
[0.624s] -- Found rosidl_generator_c: 4.6.7 (/opt/ros/jazzy/share/rosidl_generator_c/cmake)
[0.647s] -- Found rosidl_generator_cpp: 4.6.7 (/opt/ros/jazzy/share/rosidl_generator_cpp/cmake)
[0.672s] -- Using all available rosidl_typesupport_c: rosidl_typesupport_fastrtps_c;rosidl_typesupport_introspection_c
[0.697s] -- Using all available rosidl_typesupport_cpp: rosidl_typesupport_fastrtps_cpp;rosidl_typesupport_introspection_cpp
[0.784s] -- Found rmw_implementation_cmake: 7.3.3 (/opt/ros/jazzy/share/rmw_implementation_cmake/cmake)
[0.791s] -- Found rmw_fastrtps_cpp: 8.4.3 (/opt/ros/jazzy/share/rmw_fastrtps_cpp/cmake)
[0.865s] -- Found OpenSSL: /usr/lib/aarch64-linux-gnu/libcrypto.so (found version "3.0.13")  
[0.874s] -- Found FastRTPS: /opt/ros/jazzy/include (Required is at least version "2.13") 
[0.883s] -- Using RMW implementation 'rmw_fastrtps_cpp' as default
[0.951s] -- Found std_msgs: 5.3.7 (/opt/ros/jazzy/share/std_msgs/cmake)
[0.962s] -- Found ament_lint_auto: 0.17.5 (/opt/ros/jazzy/share/ament_lint_auto/cmake)
[1.062s] -- Added test 'cppcheck' to perform static code analysis on C / C++ code
[1.062s] -- Configured cppcheck include dirs: 
[1.062s] -- Configured cppcheck exclude dirs and/or files: 
[1.065s] -- Added test 'lint_cmake' to check CMake code style
[1.071s] -- Added test 'uncrustify' to check C / C++ code style
[1.072s] -- Configured uncrustify additional arguments: 
[1.073s] -- Added test 'xmllint' to check XML markup files
[1.080s] -- Configuring done (1.1s)
[1.099s] -- Generating done (0.0s)
[1.111s] -- Build files have been written to: /home/ubuntu/ros2_ws/build/cpp_pubsub_lab3
[1.116s] Invoked command in '/home/ubuntu/ros2_ws/build/cpp_pubsub_lab3' returned '0': CMAKE_PREFIX_PATH=${CMAKE_PREFIX_PATH}:/home/ubuntu/ros2_ws/install/lab1_turtle_py:/opt/ros/jazzy DEBUGINFOD_URLS=https://debuginfod.ubuntu.com /usr/bin/cmake /home/ubuntu/ros2_ws/src/cpp_pubsub_lab3 -DCMAKE_INSTALL_PREFIX=/home/ubuntu/ros2_ws/install/cpp_pubsub_lab3
[1.117s] Invoking command in '/home/ubuntu/ros2_ws/build/cpp_pubsub_lab3': CMAKE_PREFIX_PATH=${CMAKE_PREFIX_PATH}:/home/ubuntu/ros2_ws/install/lab1_turtle_py:/opt/ros/jazzy DEBUGINFOD_URLS=https://debuginfod.ubuntu.com /usr/bin/cmake --build /home/ubuntu/ros2_ws/build/cpp_pubsub_lab3 -- -j2 -l2
[1.136s] Invoked command in '/home/ubuntu/ros2_ws/build/cpp_pubsub_lab3' returned '0': CMAKE_PREFIX_PATH=${CMAKE_PREFIX_PATH}:/home/ubuntu/ros2_ws/install/lab1_turtle_py:/opt/ros/jazzy DEBUGINFOD_URLS=https://debuginfod.ubuntu.com /usr/bin/cmake --build /home/ubuntu/ros2_ws/build/cpp_pubsub_lab3 -- -j2 -l2
[1.141s] Invoking command in '/home/ubuntu/ros2_ws/build/cpp_pubsub_lab3': CMAKE_PREFIX_PATH=${CMAKE_PREFIX_PATH}:/home/ubuntu/ros2_ws/install/lab1_turtle_py:/opt/ros/jazzy DEBUGINFOD_URLS=https://debuginfod.ubuntu.com /usr/bin/cmake --install /home/ubuntu/ros2_ws/build/cpp_pubsub_lab3
[1.145s] -- Install configuration: ""
[1.146s] -- Installing: /home/ubuntu/ros2_ws/install/cpp_pubsub_lab3/share/ament_index/resource_index/package_run_dependencies/cpp_pubsub_lab3
[1.148s] -- Installing: /home/ubuntu/ros2_ws/install/cpp_pubsub_lab3/share/ament_index/resource_index/parent_prefix_path/cpp_pubsub_lab3
[1.150s] -- Installing: /home/ubuntu/ros2_ws/install/cpp_pubsub_lab3/share/cpp_pubsub_lab3/environment/ament_prefix_path.sh
[1.151s] -- Installing: /home/ubuntu/ros2_ws/install/cpp_pubsub_lab3/share/cpp_pubsub_lab3/environment/ament_prefix_path.dsv
[1.152s] -- Installing: /home/ubuntu/ros2_ws/install/cpp_pubsub_lab3/share/cpp_pubsub_lab3/environment/path.sh
[1.154s] -- Installing: /home/ubuntu/ros2_ws/install/cpp_pubsub_lab3/share/cpp_pubsub_lab3/environment/path.dsv
[1.155s] -- Installing: /home/ubuntu/ros2_ws/install/cpp_pubsub_lab3/share/cpp_pubsub_lab3/local_setup.bash
[1.156s] -- Installing: /home/ubuntu/ros2_ws/install/cpp_pubsub_lab3/share/cpp_pubsub_lab3/local_setup.sh
[1.158s] -- Installing: /home/ubuntu/ros2_ws/install/cpp_pubsub_lab3/share/cpp_pubsub_lab3/local_setup.zsh
[1.159s] -- Installing: /home/ubuntu/ros2_ws/install/cpp_pubsub_lab3/share/cpp_pubsub_lab3/local_setup.dsv
[1.160s] -- Installing: /home/ubuntu/ros2_ws/install/cpp_pubsub_lab3/share/cpp_pubsub_lab3/package.dsv
[1.162s] -- Installing: /home/ubuntu/ros2_ws/install/cpp_pubsub_lab3/share/ament_index/resource_index/packages/cpp_pubsub_lab3
[1.164s] -- Installing: /home/ubuntu/ros2_ws/install/cpp_pubsub_lab3/share/cpp_pubsub_lab3/cmake/cpp_pubsub_lab3Config.cmake
[1.165s] -- Installing: /home/ubuntu/ros2_ws/install/cpp_pubsub_lab3/share/cpp_pubsub_lab3/cmake/cpp_pubsub_lab3Config-version.cmake
[1.166s] -- Installing: /home/ubuntu/ros2_ws/install/cpp_pubsub_lab3/share/cpp_pubsub_lab3/package.xml
[1.169s] Invoked command in '/home/ubuntu/ros2_ws/build/cpp_pubsub_lab3' returned '0': CMAKE_PREFIX_PATH=${CMAKE_PREFIX_PATH}:/home/ubuntu/ros2_ws/install/lab1_turtle_py:/opt/ros/jazzy DEBUGINFOD_URLS=https://debuginfod.ubuntu.com /usr/bin/cmake --install /home/ubuntu/ros2_ws/build/cpp_pubsub_lab3
