[0.341s] Invoking command in '/home/ubuntu/ros2_ws/src/proj1_turtlesim': DEBUGINFOD_URLS=https://debuginfod.ubuntu.com PYTHONPATH=/home/ubuntu/ros2_ws/build/proj1_turtlesim/prefix_override:/usr/lib/python3/dist-packages/colcon_core/task/python/colcon_distutils_commands:/home/ubuntu/ros2_ws/install/proj1_turtlesim/lib/python3.12/site-packages:${PYTHONPATH} /usr/bin/python3 -W ignore:setup.py install is deprecated -W ignore:easy_install command is deprecated setup.py egg_info --egg-base ../../build/proj1_turtlesim build --build-base /home/ubuntu/ros2_ws/build/proj1_turtlesim/build install --record /home/ubuntu/ros2_ws/build/proj1_turtlesim/install.log --single-version-externally-managed install_data
[0.429s] running egg_info
[0.434s] writing ../../build/proj1_turtlesim/proj1_turtlesim.egg-info/PKG-INFO
[0.435s] writing dependency_links to ../../build/proj1_turtlesim/proj1_turtlesim.egg-info/dependency_links.txt
[0.436s] writing entry points to ../../build/proj1_turtlesim/proj1_turtlesim.egg-info/entry_points.txt
[0.436s] writing requirements to ../../build/proj1_turtlesim/proj1_turtlesim.egg-info/requires.txt
[0.436s] writing top-level names to ../../build/proj1_turtlesim/proj1_turtlesim.egg-info/top_level.txt
[0.449s] reading manifest file '../../build/proj1_turtlesim/proj1_turtlesim.egg-info/SOURCES.txt'
[0.450s] writing manifest file '../../build/proj1_turtlesim/proj1_turtlesim.egg-info/SOURCES.txt'
[0.451s] running build
[0.451s] running build_py
[0.452s] copying proj1_turtlesim/input.py -> /home/ubuntu/ros2_ws/build/proj1_turtlesim/build/lib/proj1_turtlesim
[0.452s] running install
[0.455s] running install_lib
[0.462s] copying /home/ubuntu/ros2_ws/build/proj1_turtlesim/build/lib/proj1_turtlesim/input.py -> /home/ubuntu/ros2_ws/install/proj1_turtlesim/lib/python3.12/site-packages/proj1_turtlesim
[0.463s] byte-compiling /home/ubuntu/ros2_ws/install/proj1_turtlesim/lib/python3.12/site-packages/proj1_turtlesim/input.py to input.cpython-312.pyc
[0.464s] running install_data
[0.465s] running install_egg_info
[0.472s] removing '/home/ubuntu/ros2_ws/install/proj1_turtlesim/lib/python3.12/site-packages/proj1_turtlesim-0.0.0-py3.12.egg-info' (and everything under it)
[0.473s] Copying ../../build/proj1_turtlesim/proj1_turtlesim.egg-info to /home/ubuntu/ros2_ws/install/proj1_turtlesim/lib/python3.12/site-packages/proj1_turtlesim-0.0.0-py3.12.egg-info
[0.480s] running install_scripts
[0.546s] Installing input script to /home/ubuntu/ros2_ws/install/proj1_turtlesim/lib/proj1_turtlesim
[0.546s] writing list of installed files to '/home/ubuntu/ros2_ws/build/proj1_turtlesim/install.log'
[0.561s] Invoked command in '/home/ubuntu/ros2_ws/src/proj1_turtlesim' returned '0': DEBUGINFOD_URLS=https://debuginfod.ubuntu.com PYTHONPATH=/home/ubuntu/ros2_ws/build/proj1_turtlesim/prefix_override:/usr/lib/python3/dist-packages/colcon_core/task/python/colcon_distutils_commands:/home/ubuntu/ros2_ws/install/proj1_turtlesim/lib/python3.12/site-packages:${PYTHONPATH} /usr/bin/python3 -W ignore:setup.py install is deprecated -W ignore:easy_install command is deprecated setup.py egg_info --egg-base ../../build/proj1_turtlesim build --build-base /home/ubuntu/ros2_ws/build/proj1_turtlesim/build install --record /home/ubuntu/ros2_ws/build/proj1_turtlesim/install.log --single-version-externally-managed install_data
