[0.321s] Invoking command in '/home/ubuntu/ros2_ws/src/py_pubsub_lab3': DEBUGINFOD_URLS=https://debuginfod.ubuntu.com PYTHONPATH=/home/ubuntu/ros2_ws/build/py_pubsub_lab3/prefix_override:/usr/lib/python3/dist-packages/colcon_core/task/python/colcon_distutils_commands:/home/ubuntu/ros2_ws/install/py_pubsub_lab3/lib/python3.12/site-packages:${PYTHONPATH} /usr/bin/python3 -W ignore:setup.py install is deprecated -W ignore:easy_install command is deprecated setup.py egg_info --egg-base ../../build/py_pubsub_lab3 build --build-base /home/ubuntu/ros2_ws/build/py_pubsub_lab3/build install --record /home/ubuntu/ros2_ws/build/py_pubsub_lab3/install.log --single-version-externally-managed install_data
[0.407s] running egg_info
[0.413s] writing ../../build/py_pubsub_lab3/py_pubsub_lab3.egg-info/PKG-INFO
[0.414s] writing dependency_links to ../../build/py_pubsub_lab3/py_pubsub_lab3.egg-info/dependency_links.txt
[0.414s] writing entry points to ../../build/py_pubsub_lab3/py_pubsub_lab3.egg-info/entry_points.txt
[0.415s] writing requirements to ../../build/py_pubsub_lab3/py_pubsub_lab3.egg-info/requires.txt
[0.415s] writing top-level names to ../../build/py_pubsub_lab3/py_pubsub_lab3.egg-info/top_level.txt
[0.429s] reading manifest file '../../build/py_pubsub_lab3/py_pubsub_lab3.egg-info/SOURCES.txt'
[0.430s] writing manifest file '../../build/py_pubsub_lab3/py_pubsub_lab3.egg-info/SOURCES.txt'
[0.431s] running build
[0.431s] running build_py
[0.432s] copying py_pubsub_lab3/talker.py -> /home/ubuntu/ros2_ws/build/py_pubsub_lab3/build/lib/py_pubsub_lab3
[0.432s] copying py_pubsub_lab3/listener.py -> /home/ubuntu/ros2_ws/build/py_pubsub_lab3/build/lib/py_pubsub_lab3
[0.434s] running install
[0.436s] running install_lib
[0.442s] copying /home/ubuntu/ros2_ws/build/py_pubsub_lab3/build/lib/py_pubsub_lab3/talker.py -> /home/ubuntu/ros2_ws/install/py_pubsub_lab3/lib/python3.12/site-packages/py_pubsub_lab3
[0.443s] copying /home/ubuntu/ros2_ws/build/py_pubsub_lab3/build/lib/py_pubsub_lab3/listener.py -> /home/ubuntu/ros2_ws/install/py_pubsub_lab3/lib/python3.12/site-packages/py_pubsub_lab3
[0.444s] byte-compiling /home/ubuntu/ros2_ws/install/py_pubsub_lab3/lib/python3.12/site-packages/py_pubsub_lab3/talker.py to talker.cpython-312.pyc
[0.445s] byte-compiling /home/ubuntu/ros2_ws/install/py_pubsub_lab3/lib/python3.12/site-packages/py_pubsub_lab3/listener.py to listener.cpython-312.pyc
[0.446s] running install_data
[0.449s] running install_egg_info
[0.453s] removing '/home/ubuntu/ros2_ws/install/py_pubsub_lab3/lib/python3.12/site-packages/py_pubsub_lab3-0.0.0-py3.12.egg-info' (and everything under it)
[0.455s] Copying ../../build/py_pubsub_lab3/py_pubsub_lab3.egg-info to /home/ubuntu/ros2_ws/install/py_pubsub_lab3/lib/python3.12/site-packages/py_pubsub_lab3-0.0.0-py3.12.egg-info
[0.461s] running install_scripts
[0.513s] Installing listener script to /home/ubuntu/ros2_ws/install/py_pubsub_lab3/lib/py_pubsub_lab3
[0.514s] Installing talker script to /home/ubuntu/ros2_ws/install/py_pubsub_lab3/lib/py_pubsub_lab3
[0.515s] writing list of installed files to '/home/ubuntu/ros2_ws/build/py_pubsub_lab3/install.log'
[0.527s] Invoked command in '/home/ubuntu/ros2_ws/src/py_pubsub_lab3' returned '0': DEBUGINFOD_URLS=https://debuginfod.ubuntu.com PYTHONPATH=/home/ubuntu/ros2_ws/build/py_pubsub_lab3/prefix_override:/usr/lib/python3/dist-packages/colcon_core/task/python/colcon_distutils_commands:/home/ubuntu/ros2_ws/install/py_pubsub_lab3/lib/python3.12/site-packages:${PYTHONPATH} /usr/bin/python3 -W ignore:setup.py install is deprecated -W ignore:easy_install command is deprecated setup.py egg_info --egg-base ../../build/py_pubsub_lab3 build --build-base /home/ubuntu/ros2_ws/build/py_pubsub_lab3/build install --record /home/ubuntu/ros2_ws/build/py_pubsub_lab3/install.log --single-version-externally-managed install_data
