[0.015s] Invoking command in '/home/ubuntu/ros2_ws/build/cpp_pubsub_lab3': CMAKE_PREFIX_PATH=${CMAKE_PREFIX_PATH}:/home/ubuntu/ros2_ws/install/lab1_turtle_py:/opt/ros/jazzy DEBUGINFOD_URLS=https://debuginfod.ubuntu.com /usr/bin/cmake --build /home/ubuntu/ros2_ws/build/cpp_pubsub_lab3 -- -j2 -l2
[0.053s] [ 50%] Built target listener
[0.225s] [ 75%] [32mBuilding CXX object CMakeFiles/talker.dir/src/talker.cpp.o[0m
[1.618s] [100%] [32m[1mLinking CXX executable talker[0m
[1.721s] [100%] Built target talker
[1.725s] Invoked command in '/home/ubuntu/ros2_ws/build/cpp_pubsub_lab3' returned '0': CMAKE_PREFIX_PATH=${CMAKE_PREFIX_PATH}:/home/ubuntu/ros2_ws/install/lab1_turtle_py:/opt/ros/jazzy DEBUGINFOD_URLS=https://debuginfod.ubuntu.com /usr/bin/cmake --build /home/ubuntu/ros2_ws/build/cpp_pubsub_lab3 -- -j2 -l2
[1.731s] Invoking command in '/home/ubuntu/ros2_ws/build/cpp_pubsub_lab3': CMAKE_PREFIX_PATH=${CMAKE_PREFIX_PATH}:/home/ubuntu/ros2_ws/install/lab1_turtle_py:/opt/ros/jazzy DEBUGINFOD_URLS=https://debuginfod.ubuntu.com /usr/bin/cmake --install /home/ubuntu/ros2_ws/build/cpp_pubsub_lab3
[1.736s] -- Install configuration: ""
[1.737s] -- Installing: /home/ubuntu/ros2_ws/install/cpp_pubsub_lab3/lib/cpp_pubsub_lab3/talker
[1.751s] -- Set non-toolchain portion of runtime path of "/home/ubuntu/ros2_ws/install/cpp_pubsub_lab3/lib/cpp_pubsub_lab3/talker" to ""
[1.752s] -- Up-to-date: /home/ubuntu/ros2_ws/install/cpp_pubsub_lab3/lib/cpp_pubsub_lab3/listener
[1.753s] -- Up-to-date: /home/ubuntu/ros2_ws/install/cpp_pubsub_lab3/share/ament_index/resource_index/package_run_dependencies/cpp_pubsub_lab3
[1.753s] -- Up-to-date: /home/ubuntu/ros2_ws/install/cpp_pubsub_lab3/share/ament_index/resource_index/parent_prefix_path/cpp_pubsub_lab3
[1.753s] -- Up-to-date: /home/ubuntu/ros2_ws/install/cpp_pubsub_lab3/share/cpp_pubsub_lab3/environment/ament_prefix_path.sh
[1.754s] -- Up-to-date: /home/ubuntu/ros2_ws/install/cpp_pubsub_lab3/share/cpp_pubsub_lab3/environment/ament_prefix_path.dsv
[1.754s] -- Up-to-date: /home/ubuntu/ros2_ws/install/cpp_pubsub_lab3/share/cpp_pubsub_lab3/environment/path.sh
[1.755s] -- Up-to-date: /home/ubuntu/ros2_ws/install/cpp_pubsub_lab3/share/cpp_pubsub_lab3/environment/path.dsv
[1.755s] -- Up-to-date: /home/ubuntu/ros2_ws/install/cpp_pubsub_lab3/share/cpp_pubsub_lab3/local_setup.bash
[1.756s] -- Up-to-date: /home/ubuntu/ros2_ws/install/cpp_pubsub_lab3/share/cpp_pubsub_lab3/local_setup.sh
[1.756s] -- Up-to-date: /home/ubuntu/ros2_ws/install/cpp_pubsub_lab3/share/cpp_pubsub_lab3/local_setup.zsh
[1.757s] -- Up-to-date: /home/ubuntu/ros2_ws/install/cpp_pubsub_lab3/share/cpp_pubsub_lab3/local_setup.dsv
[1.758s] -- Installing: /home/ubuntu/ros2_ws/install/cpp_pubsub_lab3/share/cpp_pubsub_lab3/package.dsv
[1.759s] -- Up-to-date: /home/ubuntu/ros2_ws/install/cpp_pubsub_lab3/share/ament_index/resource_index/packages/cpp_pubsub_lab3
[1.760s] -- Up-to-date: /home/ubuntu/ros2_ws/install/cpp_pubsub_lab3/share/cpp_pubsub_lab3/cmake/cpp_pubsub_lab3Config.cmake
[1.760s] -- Up-to-date: /home/ubuntu/ros2_ws/install/cpp_pubsub_lab3/share/cpp_pubsub_lab3/cmake/cpp_pubsub_lab3Config-version.cmake
[1.761s] -- Up-to-date: /home/ubuntu/ros2_ws/install/cpp_pubsub_lab3/share/cpp_pubsub_lab3/package.xml
[1.761s] Invoked command in '/home/ubuntu/ros2_ws/build/cpp_pubsub_lab3' returned '0': CMAKE_PREFIX_PATH=${CMAKE_PREFIX_PATH}:/home/ubuntu/ros2_ws/install/lab1_turtle_py:/opt/ros/jazzy DEBUGINFOD_URLS=https://debuginfod.ubuntu.com /usr/bin/cmake --install /home/ubuntu/ros2_ws/build/cpp_pubsub_lab3
