[0.013s] Invoking command in '/home/ubuntu/ros2_ws/build/cpp_pubsub_lab3': CMAKE_PREFIX_PATH=${CMAKE_PREFIX_PATH}:/home/ubuntu/ros2_ws/install/lab1_turtle_py:/opt/ros/jazzy DEBUGINFOD_URLS=https://debuginfod.ubuntu.com /usr/bin/cmake --build /home/ubuntu/ros2_ws/build/cpp_pubsub_lab3 -- -j2 -l2
[0.045s] [ 50%] Built target listener
[0.244s] [ 75%] [32mBuilding CXX object CMakeFiles/talker.dir/src/talker.cpp.o[0m
[0.905s] [01m[K/home/ubuntu/ros2_ws/src/cpp_pubsub_lab3/src/talker.cpp:9:37:[m[K [01;31m[Kerror: [m[Kexpected ‘[01m[K;[m[K’ before ‘[01m[Kint[m[K’
[0.905s]     9 | using namespace std::chrono_literals
[0.905s]       |                                     [01;31m[K^[m[K
[0.906s]       |                                     [32m[K;[m[K
[0.906s]    10 | 
[0.907s]    11 | [32m[Kint[m[K main(int argc, char * argv[]){
[0.907s]       | [32m[K~~~[m[K                                  
[0.907s] [01m[K/home/ubuntu/ros2_ws/src/cpp_pubsub_lab3/src/talker.cpp:[m[K In function ‘[01m[Kint[01;32m[K main[m[K(int, char**)[m[K’:
[0.908s] [01m[K/home/ubuntu/ros2_ws/src/cpp_pubsub_lab3/src/talker.cpp:15:5:[m[K [01;31m[Kerror: [m[Kexpected ‘[01m[K,[m[K’ or ‘[01m[K;[m[K’ before ‘[01m[Krclcpp[m[K’
[0.908s]    15 |     [01;31m[Krclcpp[m[K::WallRate rate(5);
[0.908s]       |     [01;31m[K^~~~~~[m[K
[0.909s] [01m[K/home/ubuntu/ros2_ws/src/cpp_pubsub_lab3/src/talker.cpp:19:13:[m[K [01;31m[Kerror: [m[K‘[01m[Kdata[m[K’ was not declared in this scope; did you mean ‘[01m[Kstd::data[m[K’?
[0.909s]    19 |         msg,[01;31m[Kdata[m[K = "[cpp] lab3 hell #" + std::to_string(count++);
[0.909s]       |             [01;31m[K^~~~[m[K
[0.909s]       |             [32m[Kstd::data[m[K
[0.910s] In file included from [01m[K/usr/include/c++/13/unordered_map:42[m[K,
[0.910s]                  from [01m[K/usr/include/c++/13/functional:63[m[K,
[0.910s]                  from [01m[K/home/ubuntu/ros2_ws/src/cpp_pubsub_lab3/src/talker.cpp:2[m[K:
[0.910s] [01m[K/usr/include/c++/13/bits/range_access.h:346:5:[m[K [01;36m[Knote: [m[K‘[01m[Kstd::data[m[K’ declared here
[0.911s]   346 |     [01;36m[Kdata[m[K(initializer_list<_Tp> __il) noexcept
[0.911s]       |     [01;36m[K^~~~[m[K
[0.911s] [01m[K/home/ubuntu/ros2_ws/src/cpp_pubsub_lab3/src/talker.cpp:24:9:[m[K [01;31m[Kerror: [m[K‘[01m[Krate[m[K’ was not declared in this scope
[0.911s]    24 |         [01;31m[Krate[m[K.sleep();
[0.912s]       |         [01;31m[K^~~~[m[K
[1.208s] gmake[2]: *** [CMakeFiles/talker.dir/build.make:76: CMakeFiles/talker.dir/src/talker.cpp.o] Error 1
[1.208s] gmake[1]: *** [CMakeFiles/Makefile2:139: CMakeFiles/talker.dir/all] Error 2
[1.209s] gmake: *** [Makefile:146: all] Error 2
[1.210s] Invoked command in '/home/ubuntu/ros2_ws/build/cpp_pubsub_lab3' returned '2': CMAKE_PREFIX_PATH=${CMAKE_PREFIX_PATH}:/home/ubuntu/ros2_ws/install/lab1_turtle_py:/opt/ros/jazzy DEBUGINFOD_URLS=https://debuginfod.ubuntu.com /usr/bin/cmake --build /home/ubuntu/ros2_ws/build/cpp_pubsub_lab3 -- -j2 -l2
