[0.347s] Invoking command in '/home/ubuntu/ros2_ws/src/proj1_turtlesim': DEBUGINFOD_URLS=https://debuginfod.ubuntu.com PYTHONPATH=/home/ubuntu/ros2_ws/src/build/proj1_turtlesim/prefix_override:/usr/lib/python3/dist-packages/colcon_core/task/python/colcon_distutils_commands:/home/ubuntu/ros2_ws/src/install/proj1_turtlesim/lib/python3.12/site-packages:${PYTHONPATH} /usr/bin/python3 -W ignore:setup.py install is deprecated -W ignore:easy_install command is deprecated setup.py egg_info --egg-base ../build/proj1_turtlesim build --build-base /home/ubuntu/ros2_ws/src/build/proj1_turtlesim/build install --record /home/ubuntu/ros2_ws/src/build/proj1_turtlesim/install.log --single-version-externally-managed install_data
[0.441s] running egg_info
[0.446s] writing ../build/proj1_turtlesim/proj1_turtlesim.egg-info/PKG-INFO
[0.447s] writing dependency_links to ../build/proj1_turtlesim/proj1_turtlesim.egg-info/dependency_links.txt
[0.448s] writing entry points to ../build/proj1_turtlesim/proj1_turtlesim.egg-info/entry_points.txt
[0.448s] writing requirements to ../build/proj1_turtlesim/proj1_turtlesim.egg-info/requires.txt
[0.449s] writing top-level names to ../build/proj1_turtlesim/proj1_turtlesim.egg-info/top_level.txt
[0.463s] reading manifest file '../build/proj1_turtlesim/proj1_turtlesim.egg-info/SOURCES.txt'
[0.464s] writing manifest file '../build/proj1_turtlesim/proj1_turtlesim.egg-info/SOURCES.txt'
[0.464s] running build
[0.464s] running build_py
[0.465s] copying proj1_turtlesim/input.py -> /home/ubuntu/ros2_ws/src/build/proj1_turtlesim/build/lib/proj1_turtlesim
[0.466s] running install
[0.469s] running install_lib
[0.476s] copying /home/ubuntu/ros2_ws/src/build/proj1_turtlesim/build/lib/proj1_turtlesim/input.py -> /home/ubuntu/ros2_ws/src/install/proj1_turtlesim/lib/python3.12/site-packages/proj1_turtlesim
[0.477s] byte-compiling /home/ubuntu/ros2_ws/src/install/proj1_turtlesim/lib/python3.12/site-packages/proj1_turtlesim/input.py to input.cpython-312.pyc
[0.478s] running install_data
[0.478s] running install_egg_info
[0.485s] removing '/home/ubuntu/ros2_ws/src/install/proj1_turtlesim/lib/python3.12/site-packages/proj1_turtlesim-0.0.0-py3.12.egg-info' (and everything under it)
[0.487s] Copying ../build/proj1_turtlesim/proj1_turtlesim.egg-info to /home/ubuntu/ros2_ws/src/install/proj1_turtlesim/lib/python3.12/site-packages/proj1_turtlesim-0.0.0-py3.12.egg-info
[0.496s] running install_scripts
[0.552s] Installing input script to /home/ubuntu/ros2_ws/src/install/proj1_turtlesim/lib/proj1_turtlesim
[0.553s] writing list of installed files to '/home/ubuntu/ros2_ws/src/build/proj1_turtlesim/install.log'
[0.568s] Invoked command in '/home/ubuntu/ros2_ws/src/proj1_turtlesim' returned '0': DEBUGINFOD_URLS=https://debuginfod.ubuntu.com PYTHONPATH=/home/ubuntu/ros2_ws/src/build/proj1_turtlesim/prefix_override:/usr/lib/python3/dist-packages/colcon_core/task/python/colcon_distutils_commands:/home/ubuntu/ros2_ws/src/install/proj1_turtlesim/lib/python3.12/site-packages:${PYTHONPATH} /usr/bin/python3 -W ignore:setup.py install is deprecated -W ignore:easy_install command is deprecated setup.py egg_info --egg-base ../build/proj1_turtlesim build --build-base /home/ubuntu/ros2_ws/src/build/proj1_turtlesim/build install --record /home/ubuntu/ros2_ws/src/build/proj1_turtlesim/install.log --single-version-externally-managed install_data
