running egg_info
writing ../../build/proj1_turtlesim/proj1_turtlesim.egg-info/PKG-INFO
writing dependency_links to ../../build/proj1_turtlesim/proj1_turtlesim.egg-info/dependency_links.txt
writing entry points to ../../build/proj1_turtlesim/proj1_turtlesim.egg-info/entry_points.txt
writing requirements to ../../build/proj1_turtlesim/proj1_turtlesim.egg-info/requires.txt
writing top-level names to ../../build/proj1_turtlesim/proj1_turtlesim.egg-info/top_level.txt
reading manifest file '../../build/proj1_turtlesim/proj1_turtlesim.egg-info/SOURCES.txt'
writing manifest file '../../build/proj1_turtlesim/proj1_turtlesim.egg-info/SOURCES.txt'
running build
running build_py
copying proj1_turtlesim/input.py -> /home/ubuntu/ros2_ws/build/proj1_turtlesim/build/lib/proj1_turtlesim
running install
running install_lib
copying /home/ubuntu/ros2_ws/build/proj1_turtlesim/build/lib/proj1_turtlesim/input.py -> /home/ubuntu/ros2_ws/install/proj1_turtlesim/lib/python3.12/site-packages/proj1_turtlesim
byte-compiling /home/ubuntu/ros2_ws/install/proj1_turtlesim/lib/python3.12/site-packages/proj1_turtlesim/input.py to input.cpython-312.pyc
Sorry: IndentationError: expected an indented block after 'case' statement on line 52 (input.py, line 56)
running install_data
running install_egg_info
removing '/home/ubuntu/ros2_ws/install/proj1_turtlesim/lib/python3.12/site-packages/proj1_turtlesim-0.0.0-py3.12.egg-info' (and everything under it)
Copying ../../build/proj1_turtlesim/proj1_turtlesim.egg-info to /home/ubuntu/ros2_ws/install/proj1_turtlesim/lib/python3.12/site-packages/proj1_turtlesim-0.0.0-py3.12.egg-info
running install_scripts
Installing input script to /home/ubuntu/ros2_ws/install/proj1_turtlesim/lib/proj1_turtlesim
writing list of installed files to '/home/ubuntu/ros2_ws/build/proj1_turtlesim/install.log'
