[0.011s] Invoking command in '/home/ubuntu/ros2_ws/build/cpp_pubsub_lab3': CMAKE_PREFIX_PATH=${CMAKE_PREFIX_PATH}:/home/ubuntu/ros2_ws/install/lab1_turtle_py:/opt/ros/jazzy DEBUGINFOD_URLS=https://debuginfod.ubuntu.com /usr/bin/cmake --build /home/ubuntu/ros2_ws/build/cpp_pubsub_lab3 -- -j2 -l2
[0.050s] [ 50%] Built target listener
[0.234s] [ 75%] [32mBuilding CXX object CMakeFiles/talker.dir/src/talker.cpp.o[0m
[0.882s] [01m[K/home/ubuntu/ros2_ws/src/cpp_pubsub_lab3/src/talker.cpp:[m[K In function ‘[01m[Kint[01;32m[K main[m[K(int, char**)[m[K’:
[0.882s] [01m[K/home/ubuntu/ros2_ws/src/cpp_pubsub_lab3/src/talker.cpp:51:41:[m[K [01;31m[Kerror: [m[Kno matching function for call to ‘[01m[Krclcpp::Node::create_wall_timer(std::chrono::duration<double>&, std::_Bind_helper<false, void (&)(std::shared_ptr<rclcpp::Node>), std::shared_ptr<rclcpp::Node>&>::type)[m[K’
[0.882s]    51 |     auto timer = [01;31m[Knode->create_wall_timer([m[K
[0.883s]       |                  [01;31m[K~~~~~~~~~~~~~~~~~~~~~~~^[m[K
[0.883s]    52 | [01;31m[K        period, std::bind(timer_callback, node))[m[K;
[0.883s]       |         [01;31m[K~~~~~~~~~~~~~~~~~~~~~~~~~~~~~~~~~~~~~~~~[m[K
[0.884s] In file included from [01m[K/opt/ros/jazzy/include/rclcpp/rclcpp/executors/single_threaded_executor.hpp:28[m[K,
[0.884s]                  from [01m[K/opt/ros/jazzy/include/rclcpp/rclcpp/executors.hpp:22[m[K,
[0.884s]                  from [01m[K/opt/ros/jazzy/include/rclcpp/rclcpp/rclcpp.hpp:172[m[K,
[0.884s]                  from [01m[K/home/ubuntu/ros2_ws/src/cpp_pubsub_lab3/src/talker.cpp:5[m[K:
[0.885s] [01m[K/opt/ros/jazzy/include/rclcpp/rclcpp/node.hpp:241:3:[m[K [01;36m[Knote: [m[Kcandidate: ‘[01m[Ktemplate<class DurationRepT, class DurationT, class CallbackT> typename rclcpp::WallTimer<CallbackT>::SharedPtr rclcpp::Node::[01;32m[Kcreate_wall_timer[m[K(std::chrono::duration<_Rep1, _Period1>, CallbackT, rclcpp::CallbackGroup::SharedPtr, bool)[m[K’
[0.885s]   241 |   [01;36m[Kcreate_wall_timer[m[K(
[0.885s]       |   [01;36m[K^~~~~~~~~~~~~~~~~[m[K
[0.886s] [01m[K/opt/ros/jazzy/include/rclcpp/rclcpp/node.hpp:241:3:[m[K [01;36m[Knote: [m[K  template argument deduction/substitution failed:
[0.886s] In file included from [01m[K/opt/ros/jazzy/include/rclcpp/rclcpp/node.hpp:1663[m[K:
[0.886s] /opt/ros/jazzy/include/rclcpp/rclcpp/node_impl.hpp: In substitution of ‘[01m[Ktemplate<class DurationRepT, class DurationT, class CallbackT> typename rclcpp::WallTimer<CallbackT>::SharedPtr rclcpp::Node::[01;32m[Kcreate_wall_timer[m[K(std::chrono::duration<_Rep1, _Period1>, CallbackT, rclcpp::CallbackGroup::SharedPtr, bool) [35m[K[with DurationRepT = double; DurationT = std::ratio<1>; CallbackT = std::_Bind<void (*(std::shared_ptr<rclcpp::Node>))(std::shared_ptr<rclcpp::Node>)>][m[K[m[K’:
[0.886s] [01m[K/home/ubuntu/ros2_ws/src/cpp_pubsub_lab3/src/talker.cpp:51:41:[m[K   required from here
[0.887s] [01m[K/opt/ros/jazzy/include/rclcpp/rclcpp/node_impl.hpp:110:1:[m[K [01;31m[Kerror: [m[Kno type named ‘[01m[Ktype[m[K’ in ‘[01m[Kstruct std::enable_if<false, void>[m[K’
[0.887s]   110 | [01;31m[KNode[m[K::create_wall_timer(
[0.887s]       | [01;31m[K^~~~[m[K
[0.887s] [01m[K/opt/ros/jazzy/include/rclcpp/rclcpp/node_impl.hpp:110:1:[m[K [01;31m[Kerror: [m[Kno type named ‘[01m[Ktype[m[K’ in ‘[01m[Kstruct std::enable_if<false, void>[m[K’
[0.888s] [01m[K/opt/ros/jazzy/include/rclcpp/rclcpp/node_impl.hpp:110:1:[m[K [01;36m[Knote: [m[Kinvalid template non-type parameter
[1.179s] gmake[2]: *** [CMakeFiles/talker.dir/build.make:76: CMakeFiles/talker.dir/src/talker.cpp.o] Error 1
[1.179s] gmake[1]: *** [CMakeFiles/Makefile2:139: CMakeFiles/talker.dir/all] Error 2
[1.179s] gmake: *** [Makefile:146: all] Error 2
[1.180s] Invoked command in '/home/ubuntu/ros2_ws/build/cpp_pubsub_lab3' returned '2': CMAKE_PREFIX_PATH=${CMAKE_PREFIX_PATH}:/home/ubuntu/ros2_ws/install/lab1_turtle_py:/opt/ros/jazzy DEBUGINFOD_URLS=https://debuginfod.ubuntu.com /usr/bin/cmake --build /home/ubuntu/ros2_ws/build/cpp_pubsub_lab3 -- -j2 -l2
