[0.355s] Invoking command in '/home/ubuntu/ros2_ws/src/py_pubsub_lab3': DEBUGINFOD_URLS=https://debuginfod.ubuntu.com PYTHONPATH=/home/ubuntu/ros2_ws/build/py_pubsub_lab3/prefix_override:/usr/lib/python3/dist-packages/colcon_core/task/python/colcon_distutils_commands:/home/ubuntu/ros2_ws/install/py_pubsub_lab3/lib/python3.12/site-packages:${PYTHONPATH} /usr/bin/python3 -W ignore:setup.py install is deprecated -W ignore:easy_install command is deprecated setup.py egg_info --egg-base ../../build/py_pubsub_lab3 build --build-base /home/ubuntu/ros2_ws/build/py_pubsub_lab3/build install --record /home/ubuntu/ros2_ws/build/py_pubsub_lab3/install.log --single-version-externally-managed install_data
[0.454s] running egg_info
[0.459s] writing ../../build/py_pubsub_lab3/py_pubsub_lab3.egg-info/PKG-INFO
[0.460s] writing dependency_links to ../../build/py_pubsub_lab3/py_pubsub_lab3.egg-info/dependency_links.txt
[0.460s] writing entry points to ../../build/py_pubsub_lab3/py_pubsub_lab3.egg-info/entry_points.txt
[0.461s] writing requirements to ../../build/py_pubsub_lab3/py_pubsub_lab3.egg-info/requires.txt
[0.461s] writing top-level names to ../../build/py_pubsub_lab3/py_pubsub_lab3.egg-info/top_level.txt
[0.484s] reading manifest file '../../build/py_pubsub_lab3/py_pubsub_lab3.egg-info/SOURCES.txt'
[0.485s] writing manifest file '../../build/py_pubsub_lab3/py_pubsub_lab3.egg-info/SOURCES.txt'
[0.486s] running build
[0.486s] running build_py
[0.487s] running install
[0.490s] running install_lib
[0.498s] running install_data
[0.498s] running install_egg_info
[0.504s] removing '/home/ubuntu/ros2_ws/install/py_pubsub_lab3/lib/python3.12/site-packages/py_pubsub_lab3-0.0.0-py3.12.egg-info' (and everything under it)
[0.507s] Copying ../../build/py_pubsub_lab3/py_pubsub_lab3.egg-info to /home/ubuntu/ros2_ws/install/py_pubsub_lab3/lib/python3.12/site-packages/py_pubsub_lab3-0.0.0-py3.12.egg-info
[0.512s] running install_scripts
[0.560s] Installing listener script to /home/ubuntu/ros2_ws/install/py_pubsub_lab3/lib/py_pubsub_lab3
[0.560s] Installing talker script to /home/ubuntu/ros2_ws/install/py_pubsub_lab3/lib/py_pubsub_lab3
[0.561s] writing list of installed files to '/home/ubuntu/ros2_ws/build/py_pubsub_lab3/install.log'
[0.586s] Invoked command in '/home/ubuntu/ros2_ws/src/py_pubsub_lab3' returned '0': DEBUGINFOD_URLS=https://debuginfod.ubuntu.com PYTHONPATH=/home/ubuntu/ros2_ws/build/py_pubsub_lab3/prefix_override:/usr/lib/python3/dist-packages/colcon_core/task/python/colcon_distutils_commands:/home/ubuntu/ros2_ws/install/py_pubsub_lab3/lib/python3.12/site-packages:${PYTHONPATH} /usr/bin/python3 -W ignore:setup.py install is deprecated -W ignore:easy_install command is deprecated setup.py egg_info --egg-base ../../build/py_pubsub_lab3 build --build-base /home/ubuntu/ros2_ws/build/py_pubsub_lab3/build install --record /home/ubuntu/ros2_ws/build/py_pubsub_lab3/install.log --single-version-externally-managed install_data
