[0.017s] Invoking command in '/home/ubuntu/ros2_ws/build/lab1_turtle_cpp': CMAKE_PREFIX_PATH=${CMAKE_PREFIX_PATH}:/home/ubuntu/ros2_ws/install/py_pubsub_lab3:/home/ubuntu/ros2_ws/install/lab1_turtle_py:/opt/ros/jazzy DEBUGINFOD_URLS=https://debuginfod.ubuntu.com /usr/bin/cmake --build /home/ubuntu/ros2_ws/build/lab1_turtle_cpp -- -j2 -l2
[0.070s] [100%] Built target square_driver
[0.079s] Invoked command in '/home/ubuntu/ros2_ws/build/lab1_turtle_cpp' returned '0': CMAKE_PREFIX_PATH=${CMAKE_PREFIX_PATH}:/home/ubuntu/ros2_ws/install/py_pubsub_lab3:/home/ubuntu/ros2_ws/install/lab1_turtle_py:/opt/ros/jazzy DEBUGINFOD_URLS=https://debuginfod.ubuntu.com /usr/bin/cmake --build /home/ubuntu/ros2_ws/build/lab1_turtle_cpp -- -j2 -l2
[0.086s] Invoking command in '/home/ubuntu/ros2_ws/build/lab1_turtle_cpp': CMAKE_PREFIX_PATH=${CMAKE_PREFIX_PATH}:/home/ubuntu/ros2_ws/install/py_pubsub_lab3:/home/ubuntu/ros2_ws/install/lab1_turtle_py:/opt/ros/jazzy DEBUGINFOD_URLS=https://debuginfod.ubuntu.com /usr/bin/cmake --install /home/ubuntu/ros2_ws/build/lab1_turtle_cpp
[0.090s] -- Install configuration: ""
[0.091s] -- Up-to-date: /home/ubuntu/ros2_ws/install/lab1_turtle_cpp/lib/lab1_turtle_cpp/square_driver
[0.091s] -- Up-to-date: /home/ubuntu/ros2_ws/install/lab1_turtle_cpp/share/ament_index/resource_index/package_run_dependencies/lab1_turtle_cpp
[0.092s] -- Up-to-date: /home/ubuntu/ros2_ws/install/lab1_turtle_cpp/share/ament_index/resource_index/parent_prefix_path/lab1_turtle_cpp
[0.092s] -- Up-to-date: /home/ubuntu/ros2_ws/install/lab1_turtle_cpp/share/lab1_turtle_cpp/environment/ament_prefix_path.sh
[0.092s] -- Up-to-date: /home/ubuntu/ros2_ws/install/lab1_turtle_cpp/share/lab1_turtle_cpp/environment/ament_prefix_path.dsv
[0.093s] -- Up-to-date: /home/ubuntu/ros2_ws/install/lab1_turtle_cpp/share/lab1_turtle_cpp/environment/path.sh
[0.093s] -- Up-to-date: /home/ubuntu/ros2_ws/install/lab1_turtle_cpp/share/lab1_turtle_cpp/environment/path.dsv
[0.094s] -- Up-to-date: /home/ubuntu/ros2_ws/install/lab1_turtle_cpp/share/lab1_turtle_cpp/local_setup.bash
[0.094s] -- Up-to-date: /home/ubuntu/ros2_ws/install/lab1_turtle_cpp/share/lab1_turtle_cpp/local_setup.sh
[0.096s] -- Up-to-date: /home/ubuntu/ros2_ws/install/lab1_turtle_cpp/share/lab1_turtle_cpp/local_setup.zsh
[0.096s] -- Up-to-date: /home/ubuntu/ros2_ws/install/lab1_turtle_cpp/share/lab1_turtle_cpp/local_setup.dsv
[0.097s] -- Installing: /home/ubuntu/ros2_ws/install/lab1_turtle_cpp/share/lab1_turtle_cpp/package.dsv
[0.097s] -- Up-to-date: /home/ubuntu/ros2_ws/install/lab1_turtle_cpp/share/ament_index/resource_index/packages/lab1_turtle_cpp
[0.098s] -- Up-to-date: /home/ubuntu/ros2_ws/install/lab1_turtle_cpp/share/lab1_turtle_cpp/cmake/lab1_turtle_cppConfig.cmake
[0.098s] -- Up-to-date: /home/ubuntu/ros2_ws/install/lab1_turtle_cpp/share/lab1_turtle_cpp/cmake/lab1_turtle_cppConfig-version.cmake
[0.099s] -- Up-to-date: /home/ubuntu/ros2_ws/install/lab1_turtle_cpp/share/lab1_turtle_cpp/package.xml
[0.099s] Invoked command in '/home/ubuntu/ros2_ws/build/lab1_turtle_cpp' returned '0': CMAKE_PREFIX_PATH=${CMAKE_PREFIX_PATH}:/home/ubuntu/ros2_ws/install/py_pubsub_lab3:/home/ubuntu/ros2_ws/install/lab1_turtle_py:/opt/ros/jazzy DEBUGINFOD_URLS=https://debuginfod.ubuntu.com /usr/bin/cmake --install /home/ubuntu/ros2_ws/build/lab1_turtle_cpp
