-- Found ament_cmake: 2.5.6 (/opt/ros/jazzy/share/ament_cmake/cmake)
-- Found rclcpp: 28.1.18 (/opt/ros/jazzy/share/rclcpp/cmake)
-- Found rosidl_generator_c: 4.6.7 (/opt/ros/jazzy/share/rosidl_generator_c/cmake)
-- Found rosidl_generator_cpp: 4.6.7 (/opt/ros/jazzy/share/rosidl_generator_cpp/cmake)
-- Using all available rosidl_typesupport_c: rosidl_typesupport_fastrtps_c;rosidl_typesupport_introspection_c
-- Using all available rosidl_typesupport_cpp: rosidl_typesupport_fastrtps_cpp;rosidl_typesupport_introspection_cpp
-- Found rmw_implementation_cmake: 7.3.3 (/opt/ros/jazzy/share/rmw_implementation_cmake/cmake)
-- Found rmw_fastrtps_cpp: 8.4.3 (/opt/ros/jazzy/share/rmw_fastrtps_cpp/cmake)
-- Using RMW implementation 'rmw_fastrtps_cpp' as default
-- Found std_msgs: 5.3.7 (/opt/ros/jazzy/share/std_msgs/cmake)
-- Found ament_lint_auto: 0.17.5 (/opt/ros/jazzy/share/ament_lint_auto/cmake)
-- Added test 'cppcheck' to perform static code analysis on C / C++ code
-- Configured cppcheck include dirs: 
-- Configured cppcheck exclude dirs and/or files: 
-- Added test 'lint_cmake' to check CMake code style
-- Added test 'uncrustify' to check C / C++ code style
-- Configured uncrustify additional arguments: 
-- Added test 'xmllint' to check XML markup files
-- Configuring done (0.3s)
-- Generating done (0.0s)
-- Build files have been written to: /home/ubuntu/ros2_ws/build/cpp_pubsub_lab3
[ 25%] [32mBuilding CXX object CMakeFiles/talker.dir/src/talker.cpp.o[0m
[ 50%] [32mBuilding CXX object CMakeFiles/listener.dir/src/listener.cpp.o[0m
[01m[K/home/ubuntu/ros2_ws/src/cpp_pubsub_lab3/src/talker.cpp:9:37:[m[K [01;31m[Kerror: [m[Kexpected ‘[01m[K;[m[K’ before ‘[01m[Kint[m[K’
    9 | using namespace std::chrono_literals
      |                                     [01;31m[K^[m[K
      |                                     [32m[K;[m[K
   10 | 
   11 | [32m[Kint[m[K main(int argc, char * argv[]){
      | [32m[K~~~[m[K                                  
[01m[K/home/ubuntu/ros2_ws/src/cpp_pubsub_lab3/src/talker.cpp:[m[K In function ‘[01m[Kint[01;32m[K main[m[K(int, char**)[m[K’:
[01m[K/home/ubuntu/ros2_ws/src/cpp_pubsub_lab3/src/talker.cpp:15:5:[m[K [01;31m[Kerror: [m[Kexpected ‘[01m[K,[m[K’ or ‘[01m[K;[m[K’ before ‘[01m[Krclcpp[m[K’
   15 |     [01;31m[Krclcpp[m[K::WallRate rate(5Hz);
      |     [01;31m[K^~~~~~[m[K
[01m[K/home/ubuntu/ros2_ws/src/cpp_pubsub_lab3/src/talker.cpp:19:13:[m[K [01;31m[Kerror: [m[K‘[01m[Kdata[m[K’ was not declared in this scope; did you mean ‘[01m[Kstd::data[m[K’?
   19 |         msg,[01;31m[Kdata[m[K = "[cpp] lab3 hell #" + std::to_string(count++);
      |             [01;31m[K^~~~[m[K
      |             [32m[Kstd::data[m[K
In file included from [01m[K/usr/include/c++/13/unordered_map:42[m[K,
                 from [01m[K/usr/include/c++/13/functional:63[m[K,
                 from [01m[K/home/ubuntu/ros2_ws/src/cpp_pubsub_lab3/src/talker.cpp:2[m[K:
[01m[K/usr/include/c++/13/bits/range_access.h:346:5:[m[K [01;36m[Knote: [m[K‘[01m[Kstd::data[m[K’ declared here
  346 |     [01;36m[Kdata[m[K(initializer_list<_Tp> __il) noexcept
      |     [01;36m[K^~~~[m[K
[01m[K/home/ubuntu/ros2_ws/src/cpp_pubsub_lab3/src/talker.cpp:23:32:[m[K [01;31m[Kerror: [m[Kexpected ‘[01m[K;[m[K’ before ‘[01m[Krate[m[K’
   23 |         rclcpp::spin_some(node)
      |                                [01;31m[K^[m[K
      |                                [32m[K;[m[K
   24 |         [32m[Krate[m[K.sleep();
      |         [32m[K~~~~[m[K                    
gmake[2]: *** [CMakeFiles/talker.dir/build.make:76: CMakeFiles/talker.dir/src/talker.cpp.o] Error 1
gmake[1]: *** [CMakeFiles/Makefile2:139: CMakeFiles/talker.dir/all] Error 2
gmake[1]: *** Waiting for unfinished jobs....
[ 75%] [32m[1mLinking CXX executable listener[0m
[ 75%] Built target listener
gmake: *** [Makefile:146: all] Error 2
