[0.009s] Invoking command in '/home/ubuntu/ros2_ws/build/cpp_pubsub_lab3': CMAKE_PREFIX_PATH=${CMAKE_PREFIX_PATH}:/home/ubuntu/ros2_ws/install/lab1_turtle_py:/opt/ros/jazzy DEBUGINFOD_URLS=https://debuginfod.ubuntu.com /usr/bin/cmake --build /home/ubuntu/ros2_ws/build/cpp_pubsub_lab3 -- -j2 -l2
[0.026s] -- Found ament_cmake: 2.5.6 (/opt/ros/jazzy/share/ament_cmake/cmake)
[0.123s] -- Found rclcpp: 28.1.18 (/opt/ros/jazzy/share/rclcpp/cmake)
[0.137s] -- Found rosidl_generator_c: 4.6.7 (/opt/ros/jazzy/share/rosidl_generator_c/cmake)
[0.141s] -- Found rosidl_generator_cpp: 4.6.7 (/opt/ros/jazzy/share/rosidl_generator_cpp/cmake)
[0.148s] -- Using all available rosidl_typesupport_c: rosidl_typesupport_fastrtps_c;rosidl_typesupport_introspection_c
[0.155s] -- Using all available rosidl_typesupport_cpp: rosidl_typesupport_fastrtps_cpp;rosidl_typesupport_introspection_cpp
[0.179s] -- Found rmw_implementation_cmake: 7.3.3 (/opt/ros/jazzy/share/rmw_implementation_cmake/cmake)
[0.180s] -- Found rmw_fastrtps_cpp: 8.4.3 (/opt/ros/jazzy/share/rmw_fastrtps_cpp/cmake)
[0.212s] -- Using RMW implementation 'rmw_fastrtps_cpp' as default
[0.262s] -- Found std_msgs: 5.3.7 (/opt/ros/jazzy/share/std_msgs/cmake)
[0.266s] -- Found ament_lint_auto: 0.17.5 (/opt/ros/jazzy/share/ament_lint_auto/cmake)
[0.324s] -- Added test 'cppcheck' to perform static code analysis on C / C++ code
[0.325s] -- Configured cppcheck include dirs: 
[0.325s] -- Configured cppcheck exclude dirs and/or files: 
[0.327s] -- Added test 'lint_cmake' to check CMake code style
[0.333s] -- Added test 'uncrustify' to check C / C++ code style
[0.334s] -- Configured uncrustify additional arguments: 
[0.334s] -- Added test 'xmllint' to check XML markup files
[0.337s] -- Configuring done (0.3s)
[0.369s] -- Generating done (0.0s)
[0.382s] -- Build files have been written to: /home/ubuntu/ros2_ws/build/cpp_pubsub_lab3
[0.401s] [ 25%] [32mBuilding CXX object CMakeFiles/talker.dir/src/talker.cpp.o[0m
[0.417s] [ 50%] [32mBuilding CXX object CMakeFiles/listener.dir/src/listener.cpp.o[0m
[1.385s] [01m[K/home/ubuntu/ros2_ws/src/cpp_pubsub_lab3/src/talker.cpp:9:37:[m[K [01;31m[Kerror: [m[Kexpected ‘[01m[K;[m[K’ before ‘[01m[Kint[m[K’
[1.385s]     9 | using namespace std::chrono_literals
[1.386s]       |                                     [01;31m[K^[m[K
[1.386s]       |                                     [32m[K;[m[K
[1.386s]    10 | 
[1.388s]    11 | [32m[Kint[m[K main(int argc, char * argv[]){
[1.389s]       | [32m[K~~~[m[K                                  
[1.391s] [01m[K/home/ubuntu/ros2_ws/src/cpp_pubsub_lab3/src/talker.cpp:[m[K In function ‘[01m[Kint[01;32m[K main[m[K(int, char**)[m[K’:
[1.391s] [01m[K/home/ubuntu/ros2_ws/src/cpp_pubsub_lab3/src/talker.cpp:15:5:[m[K [01;31m[Kerror: [m[Kexpected ‘[01m[K,[m[K’ or ‘[01m[K;[m[K’ before ‘[01m[Krclcpp[m[K’
[1.391s]    15 |     [01;31m[Krclcpp[m[K::WallRate rate(5Hz);
[1.393s]       |     [01;31m[K^~~~~~[m[K
[1.393s] [01m[K/home/ubuntu/ros2_ws/src/cpp_pubsub_lab3/src/talker.cpp:19:13:[m[K [01;31m[Kerror: [m[K‘[01m[Kdata[m[K’ was not declared in this scope; did you mean ‘[01m[Kstd::data[m[K’?
[1.394s]    19 |         msg,[01;31m[Kdata[m[K = "[cpp] lab3 hell #" + std::to_string(count++);
[1.394s]       |             [01;31m[K^~~~[m[K
[1.396s]       |             [32m[Kstd::data[m[K
[1.397s] In file included from [01m[K/usr/include/c++/13/unordered_map:42[m[K,
[1.397s]                  from [01m[K/usr/include/c++/13/functional:63[m[K,
[1.398s]                  from [01m[K/home/ubuntu/ros2_ws/src/cpp_pubsub_lab3/src/talker.cpp:2[m[K:
[1.400s] [01m[K/usr/include/c++/13/bits/range_access.h:346:5:[m[K [01;36m[Knote: [m[K‘[01m[Kstd::data[m[K’ declared here
[1.400s]   346 |     [01;36m[Kdata[m[K(initializer_list<_Tp> __il) noexcept
[1.400s]       |     [01;36m[K^~~~[m[K
[1.402s] [01m[K/home/ubuntu/ros2_ws/src/cpp_pubsub_lab3/src/talker.cpp:23:32:[m[K [01;31m[Kerror: [m[Kexpected ‘[01m[K;[m[K’ before ‘[01m[Krate[m[K’
[1.402s]    23 |         rclcpp::spin_some(node)
[1.404s]       |                                [01;31m[K^[m[K
[1.404s]       |                                [32m[K;[m[K
[1.406s]    24 |         [32m[Krate[m[K.sleep();
[1.406s]       |         [32m[K~~~~[m[K                    
[1.856s] gmake[2]: *** [CMakeFiles/talker.dir/build.make:76: CMakeFiles/talker.dir/src/talker.cpp.o] Error 1
[1.856s] gmake[1]: *** [CMakeFiles/Makefile2:139: CMakeFiles/talker.dir/all] Error 2
[1.857s] gmake[1]: *** Waiting for unfinished jobs....
[3.134s] [ 75%] [32m[1mLinking CXX executable listener[0m
[3.402s] [ 75%] Built target listener
[3.403s] gmake: *** [Makefile:146: all] Error 2
[3.404s] Invoked command in '/home/ubuntu/ros2_ws/build/cpp_pubsub_lab3' returned '2': CMAKE_PREFIX_PATH=${CMAKE_PREFIX_PATH}:/home/ubuntu/ros2_ws/install/lab1_turtle_py:/opt/ros/jazzy DEBUGINFOD_URLS=https://debuginfod.ubuntu.com /usr/bin/cmake --build /home/ubuntu/ros2_ws/build/cpp_pubsub_lab3 -- -j2 -l2
