[0.008s] Invoking command in '/home/ubuntu/ros2_ws/build/cpp_pubsub_lab3': CMAKE_PREFIX_PATH=${CMAKE_PREFIX_PATH}:/home/ubuntu/ros2_ws/install/lab1_turtle_py:/opt/ros/jazzy DEBUGINFOD_URLS=https://debuginfod.ubuntu.com /usr/bin/cmake --build /home/ubuntu/ros2_ws/build/cpp_pubsub_lab3 -- -j2 -l2
[0.046s] [ 50%] Built target listener
[0.247s] [ 75%] [32mBuilding CXX object CMakeFiles/talker.dir/src/talker.cpp.o[0m
[1.670s] [100%] [32m[1mLinking CXX executable talker[0m
[1.776s] [100%] Built target talker
[1.779s] Invoked command in '/home/ubuntu/ros2_ws/build/cpp_pubsub_lab3' returned '0': CMAKE_PREFIX_PATH=${CMAKE_PREFIX_PATH}:/home/ubuntu/ros2_ws/install/lab1_turtle_py:/opt/ros/jazzy DEBUGINFOD_URLS=https://debuginfod.ubuntu.com /usr/bin/cmake --build /home/ubuntu/ros2_ws/build/cpp_pubsub_lab3 -- -j2 -l2
[1.786s] Invoking command in '/home/ubuntu/ros2_ws/build/cpp_pubsub_lab3': CMAKE_PREFIX_PATH=${CMAKE_PREFIX_PATH}:/home/ubuntu/ros2_ws/install/lab1_turtle_py:/opt/ros/jazzy DEBUGINFOD_URLS=https://debuginfod.ubuntu.com /usr/bin/cmake --install /home/ubuntu/ros2_ws/build/cpp_pubsub_lab3
[1.787s] -- Install configuration: ""
[1.787s] -- Installing: /home/ubuntu/ros2_ws/install/cpp_pubsub_lab3/lib/cpp_pubsub_lab3/talker
[1.802s] -- Set non-toolchain portion of runtime path of "/home/ubuntu/ros2_ws/install/cpp_pubsub_lab3/lib/cpp_pubsub_lab3/talker" to ""
[1.802s] -- Up-to-date: /home/ubuntu/ros2_ws/install/cpp_pubsub_lab3/lib/cpp_pubsub_lab3/listener
[1.803s] -- Up-to-date: /home/ubuntu/ros2_ws/install/cpp_pubsub_lab3/share/ament_index/resource_index/package_run_dependencies/cpp_pubsub_lab3
[1.804s] -- Up-to-date: /home/ubuntu/ros2_ws/install/cpp_pubsub_lab3/share/ament_index/resource_index/parent_prefix_path/cpp_pubsub_lab3
[1.804s] -- Up-to-date: /home/ubuntu/ros2_ws/install/cpp_pubsub_lab3/share/cpp_pubsub_lab3/environment/ament_prefix_path.sh
[1.804s] -- Up-to-date: /home/ubuntu/ros2_ws/install/cpp_pubsub_lab3/share/cpp_pubsub_lab3/environment/ament_prefix_path.dsv
[1.805s] -- Up-to-date: /home/ubuntu/ros2_ws/install/cpp_pubsub_lab3/share/cpp_pubsub_lab3/environment/path.sh
[1.805s] -- Up-to-date: /home/ubuntu/ros2_ws/install/cpp_pubsub_lab3/share/cpp_pubsub_lab3/environment/path.dsv
[1.806s] -- Up-to-date: /home/ubuntu/ros2_ws/install/cpp_pubsub_lab3/share/cpp_pubsub_lab3/local_setup.bash
[1.806s] -- Up-to-date: /home/ubuntu/ros2_ws/install/cpp_pubsub_lab3/share/cpp_pubsub_lab3/local_setup.sh
[1.807s] -- Up-to-date: /home/ubuntu/ros2_ws/install/cpp_pubsub_lab3/share/cpp_pubsub_lab3/local_setup.zsh
[1.807s] -- Up-to-date: /home/ubuntu/ros2_ws/install/cpp_pubsub_lab3/share/cpp_pubsub_lab3/local_setup.dsv
[1.808s] -- Installing: /home/ubuntu/ros2_ws/install/cpp_pubsub_lab3/share/cpp_pubsub_lab3/package.dsv
[1.808s] -- Up-to-date: /home/ubuntu/ros2_ws/install/cpp_pubsub_lab3/share/ament_index/resource_index/packages/cpp_pubsub_lab3
[1.809s] -- Up-to-date: /home/ubuntu/ros2_ws/install/cpp_pubsub_lab3/share/cpp_pubsub_lab3/cmake/cpp_pubsub_lab3Config.cmake
[1.810s] -- Up-to-date: /home/ubuntu/ros2_ws/install/cpp_pubsub_lab3/share/cpp_pubsub_lab3/cmake/cpp_pubsub_lab3Config-version.cmake
[1.810s] -- Up-to-date: /home/ubuntu/ros2_ws/install/cpp_pubsub_lab3/share/cpp_pubsub_lab3/package.xml
[1.811s] Invoked command in '/home/ubuntu/ros2_ws/build/cpp_pubsub_lab3' returned '0': CMAKE_PREFIX_PATH=${CMAKE_PREFIX_PATH}:/home/ubuntu/ros2_ws/install/lab1_turtle_py:/opt/ros/jazzy DEBUGINFOD_URLS=https://debuginfod.ubuntu.com /usr/bin/cmake --install /home/ubuntu/ros2_ws/build/cpp_pubsub_lab3
