[0.019s] Invoking command in '/home/ubuntu/ros2_ws/build/lab1_turtle_cpp': CMAKE_PREFIX_PATH=${CMAKE_PREFIX_PATH}:/home/ubuntu/ros2_ws/install/py_pubsub_lab3:/home/ubuntu/ros2_ws/install/lab1_turtle_py:/opt/ros/jazzy DEBUGINFOD_URLS=https://debuginfod.ubuntu.com /usr/bin/cmake --build /home/ubuntu/ros2_ws/build/lab1_turtle_cpp -- -j2 -l2
[0.036s] -- Found ament_cmake: 2.5.6 (/opt/ros/jazzy/share/ament_cmake/cmake)
[0.174s] -- Found rclcpp: 28.1.18 (/opt/ros/jazzy/share/rclcpp/cmake)
[0.194s] -- Found rosidl_generator_c: 4.6.7 (/opt/ros/jazzy/share/rosidl_generator_c/cmake)
[0.199s] -- Found rosidl_generator_cpp: 4.6.7 (/opt/ros/jazzy/share/rosidl_generator_cpp/cmake)
[0.207s] -- Using all available rosidl_typesupport_c: rosidl_typesupport_fastrtps_c;rosidl_typesupport_introspection_c
[0.215s] -- Using all available rosidl_typesupport_cpp: rosidl_typesupport_fastrtps_cpp;rosidl_typesupport_introspection_cpp
[0.250s] -- Found rmw_implementation_cmake: 7.3.3 (/opt/ros/jazzy/share/rmw_implementation_cmake/cmake)
[0.252s] -- Found rmw_fastrtps_cpp: 8.4.3 (/opt/ros/jazzy/share/rmw_fastrtps_cpp/cmake)
[0.284s] -- Using RMW implementation 'rmw_fastrtps_cpp' as default
[0.318s] -- Found geometry_msgs: 5.3.7 (/opt/ros/jazzy/share/geometry_msgs/cmake)
[0.330s] -- Found ament_lint_auto: 0.17.5 (/opt/ros/jazzy/share/ament_lint_auto/cmake)
[0.379s] -- Added test 'cppcheck' to perform static code analysis on C / C++ code
[0.380s] -- Configured cppcheck include dirs: 
[0.380s] -- Configured cppcheck exclude dirs and/or files: 
[0.381s] -- Added test 'lint_cmake' to check CMake code style
[0.388s] -- Added test 'uncrustify' to check C / C++ code style
[0.388s] -- Configured uncrustify additional arguments: 
[0.389s] -- Added test 'xmllint' to check XML markup files
[0.391s] -- Configuring done (0.4s)
[0.422s] -- Generating done (0.0s)
[0.439s] -- Build files have been written to: /home/ubuntu/ros2_ws/build/lab1_turtle_cpp
[0.666s] [100%] Built target square_driver
[0.672s] Invoked command in '/home/ubuntu/ros2_ws/build/lab1_turtle_cpp' returned '0': CMAKE_PREFIX_PATH=${CMAKE_PREFIX_PATH}:/home/ubuntu/ros2_ws/install/py_pubsub_lab3:/home/ubuntu/ros2_ws/install/lab1_turtle_py:/opt/ros/jazzy DEBUGINFOD_URLS=https://debuginfod.ubuntu.com /usr/bin/cmake --build /home/ubuntu/ros2_ws/build/lab1_turtle_cpp -- -j2 -l2
[0.677s] Invoking command in '/home/ubuntu/ros2_ws/build/lab1_turtle_cpp': CMAKE_PREFIX_PATH=${CMAKE_PREFIX_PATH}:/home/ubuntu/ros2_ws/install/py_pubsub_lab3:/home/ubuntu/ros2_ws/install/lab1_turtle_py:/opt/ros/jazzy DEBUGINFOD_URLS=https://debuginfod.ubuntu.com /usr/bin/cmake --install /home/ubuntu/ros2_ws/build/lab1_turtle_cpp
[0.681s] -- Install configuration: ""
[0.682s] -- Up-to-date: /home/ubuntu/ros2_ws/install/lab1_turtle_cpp/lib/lab1_turtle_cpp/square_driver
[0.683s] -- Up-to-date: /home/ubuntu/ros2_ws/install/lab1_turtle_cpp/share/ament_index/resource_index/package_run_dependencies/lab1_turtle_cpp
[0.683s] -- Installing: /home/ubuntu/ros2_ws/install/lab1_turtle_cpp/share/ament_index/resource_index/parent_prefix_path/lab1_turtle_cpp
[0.684s] -- Up-to-date: /home/ubuntu/ros2_ws/install/lab1_turtle_cpp/share/lab1_turtle_cpp/environment/ament_prefix_path.sh
[0.685s] -- Up-to-date: /home/ubuntu/ros2_ws/install/lab1_turtle_cpp/share/lab1_turtle_cpp/environment/ament_prefix_path.dsv
[0.685s] -- Up-to-date: /home/ubuntu/ros2_ws/install/lab1_turtle_cpp/share/lab1_turtle_cpp/environment/path.sh
[0.686s] -- Up-to-date: /home/ubuntu/ros2_ws/install/lab1_turtle_cpp/share/lab1_turtle_cpp/environment/path.dsv
[0.686s] -- Up-to-date: /home/ubuntu/ros2_ws/install/lab1_turtle_cpp/share/lab1_turtle_cpp/local_setup.bash
[0.687s] -- Up-to-date: /home/ubuntu/ros2_ws/install/lab1_turtle_cpp/share/lab1_turtle_cpp/local_setup.sh
[0.687s] -- Up-to-date: /home/ubuntu/ros2_ws/install/lab1_turtle_cpp/share/lab1_turtle_cpp/local_setup.zsh
[0.688s] -- Up-to-date: /home/ubuntu/ros2_ws/install/lab1_turtle_cpp/share/lab1_turtle_cpp/local_setup.dsv
[0.690s] -- Installing: /home/ubuntu/ros2_ws/install/lab1_turtle_cpp/share/lab1_turtle_cpp/package.dsv
[0.691s] -- Up-to-date: /home/ubuntu/ros2_ws/install/lab1_turtle_cpp/share/ament_index/resource_index/packages/lab1_turtle_cpp
[0.692s] -- Up-to-date: /home/ubuntu/ros2_ws/install/lab1_turtle_cpp/share/lab1_turtle_cpp/cmake/lab1_turtle_cppConfig.cmake
[0.692s] -- Up-to-date: /home/ubuntu/ros2_ws/install/lab1_turtle_cpp/share/lab1_turtle_cpp/cmake/lab1_turtle_cppConfig-version.cmake
[0.692s] -- Up-to-date: /home/ubuntu/ros2_ws/install/lab1_turtle_cpp/share/lab1_turtle_cpp/package.xml
[0.693s] Invoked command in '/home/ubuntu/ros2_ws/build/lab1_turtle_cpp' returned '0': CMAKE_PREFIX_PATH=${CMAKE_PREFIX_PATH}:/home/ubuntu/ros2_ws/install/py_pubsub_lab3:/home/ubuntu/ros2_ws/install/lab1_turtle_py:/opt/ros/jazzy DEBUGINFOD_URLS=https://debuginfod.ubuntu.com /usr/bin/cmake --install /home/ubuntu/ros2_ws/build/lab1_turtle_cpp
