running egg_info
creating ../../build/py_pubsub_lab3/py_pubsub_lab3.egg-info
writing ../../build/py_pubsub_lab3/py_pubsub_lab3.egg-info/PKG-INFO
writing dependency_links to ../../build/py_pubsub_lab3/py_pubsub_lab3.egg-info/dependency_links.txt
writing entry points to ../../build/py_pubsub_lab3/py_pubsub_lab3.egg-info/entry_points.txt
writing requirements to ../../build/py_pubsub_lab3/py_pubsub_lab3.egg-info/requires.txt
writing top-level names to ../../build/py_pubsub_lab3/py_pubsub_lab3.egg-info/top_level.txt
writing manifest file '../../build/py_pubsub_lab3/py_pubsub_lab3.egg-info/SOURCES.txt'
reading manifest file '../../build/py_pubsub_lab3/py_pubsub_lab3.egg-info/SOURCES.txt'
writing manifest file '../../build/py_pubsub_lab3/py_pubsub_lab3.egg-info/SOURCES.txt'
running build
running build_py
creating /home/ubuntu/ros2_ws/build/py_pubsub_lab3/build
creating /home/ubuntu/ros2_ws/build/py_pubsub_lab3/build/lib
creating /home/ubuntu/ros2_ws/build/py_pubsub_lab3/build/lib/py_pubsub_lab3
copying py_pubsub_lab3/talker.py -> /home/ubuntu/ros2_ws/build/py_pubsub_lab3/build/lib/py_pubsub_lab3
copying py_pubsub_lab3/__init__.py -> /home/ubuntu/ros2_ws/build/py_pubsub_lab3/build/lib/py_pubsub_lab3
copying py_pubsub_lab3/listener.py -> /home/ubuntu/ros2_ws/build/py_pubsub_lab3/build/lib/py_pubsub_lab3
running install
running install_lib
creating /home/ubuntu/ros2_ws/install/py_pubsub_lab3/lib/python3.12/site-packages/py_pubsub_lab3
copying /home/ubuntu/ros2_ws/build/py_pubsub_lab3/build/lib/py_pubsub_lab3/talker.py -> /home/ubuntu/ros2_ws/install/py_pubsub_lab3/lib/python3.12/site-packages/py_pubsub_lab3
copying /home/ubuntu/ros2_ws/build/py_pubsub_lab3/build/lib/py_pubsub_lab3/__init__.py -> /home/ubuntu/ros2_ws/install/py_pubsub_lab3/lib/python3.12/site-packages/py_pubsub_lab3
copying /home/ubuntu/ros2_ws/build/py_pubsub_lab3/build/lib/py_pubsub_lab3/listener.py -> /home/ubuntu/ros2_ws/install/py_pubsub_lab3/lib/python3.12/site-packages/py_pubsub_lab3
byte-compiling /home/ubuntu/ros2_ws/install/py_pubsub_lab3/lib/python3.12/site-packages/py_pubsub_lab3/talker.py to talker.cpython-312.pyc
  File "/home/ubuntu/ros2_ws/install/py_pubsub_lab3/lib/python3.12/site-packages/py_pubsub_lab3/talker.py", line 3
    import rclpy.node import Node
                      ^^^^^^
SyntaxError: invalid syntax

byte-compiling /home/ubuntu/ros2_ws/install/py_pubsub_lab3/lib/python3.12/site-packages/py_pubsub_lab3/__init__.py to __init__.cpython-312.pyc
byte-compiling /home/ubuntu/ros2_ws/install/py_pubsub_lab3/lib/python3.12/site-packages/py_pubsub_lab3/listener.py to listener.cpython-312.pyc
  File "/home/ubuntu/ros2_ws/install/py_pubsub_lab3/lib/python3.12/site-packages/py_pubsub_lab3/listener.py", line 6
    class ListenerPyLab3(Node)
                              ^
SyntaxError: expected ':'

running install_data
creating /home/ubuntu/ros2_ws/install/py_pubsub_lab3/share/ament_index
creating /home/ubuntu/ros2_ws/install/py_pubsub_lab3/share/ament_index/resource_index
creating /home/ubuntu/ros2_ws/install/py_pubsub_lab3/share/ament_index/resource_index/packages
copying resource/py_pubsub_lab3 -> /home/ubuntu/ros2_ws/install/py_pubsub_lab3/share/ament_index/resource_index/packages
copying package.xml -> /home/ubuntu/ros2_ws/install/py_pubsub_lab3/share/py_pubsub_lab3
running install_egg_info
Copying ../../build/py_pubsub_lab3/py_pubsub_lab3.egg-info to /home/ubuntu/ros2_ws/install/py_pubsub_lab3/lib/python3.12/site-packages/py_pubsub_lab3-0.0.0-py3.12.egg-info
running install_scripts
Installing listener script to /home/ubuntu/ros2_ws/install/py_pubsub_lab3/lib/py_pubsub_lab3
Installing talker script to /home/ubuntu/ros2_ws/install/py_pubsub_lab3/lib/py_pubsub_lab3
writing list of installed files to '/home/ubuntu/ros2_ws/build/py_pubsub_lab3/install.log'
