[0.299s] Invoking command in '/home/ubuntu/ros2_ws/src/py_pubsub_lab3': DEBUGINFOD_URLS=https://debuginfod.ubuntu.com PYTHONPATH=/home/ubuntu/ros2_ws/build/py_pubsub_lab3/prefix_override:/usr/lib/python3/dist-packages/colcon_core/task/python/colcon_distutils_commands:/home/ubuntu/ros2_ws/install/py_pubsub_lab3/lib/python3.12/site-packages:${PYTHONPATH} /usr/bin/python3 -W ignore:setup.py install is deprecated -W ignore:easy_install command is deprecated setup.py egg_info --egg-base ../../build/py_pubsub_lab3 build --build-base /home/ubuntu/ros2_ws/build/py_pubsub_lab3/build install --record /home/ubuntu/ros2_ws/build/py_pubsub_lab3/install.log --single-version-externally-managed install_data
[0.390s] running egg_info
[0.391s] creating ../../build/py_pubsub_lab3/py_pubsub_lab3.egg-info
[0.395s] writing ../../build/py_pubsub_lab3/py_pubsub_lab3.egg-info/PKG-INFO
[0.396s] writing dependency_links to ../../build/py_pubsub_lab3/py_pubsub_lab3.egg-info/dependency_links.txt
[0.397s] writing entry points to ../../build/py_pubsub_lab3/py_pubsub_lab3.egg-info/entry_points.txt
[0.397s] writing requirements to ../../build/py_pubsub_lab3/py_pubsub_lab3.egg-info/requires.txt
[0.398s] writing top-level names to ../../build/py_pubsub_lab3/py_pubsub_lab3.egg-info/top_level.txt
[0.398s] writing manifest file '../../build/py_pubsub_lab3/py_pubsub_lab3.egg-info/SOURCES.txt'
[0.410s] reading manifest file '../../build/py_pubsub_lab3/py_pubsub_lab3.egg-info/SOURCES.txt'
[0.411s] writing manifest file '../../build/py_pubsub_lab3/py_pubsub_lab3.egg-info/SOURCES.txt'
[0.411s] running build
[0.412s] running build_py
[0.413s] creating /home/ubuntu/ros2_ws/build/py_pubsub_lab3/build
[0.413s] creating /home/ubuntu/ros2_ws/build/py_pubsub_lab3/build/lib
[0.413s] creating /home/ubuntu/ros2_ws/build/py_pubsub_lab3/build/lib/py_pubsub_lab3
[0.414s] copying py_pubsub_lab3/talker.py -> /home/ubuntu/ros2_ws/build/py_pubsub_lab3/build/lib/py_pubsub_lab3
[0.414s] copying py_pubsub_lab3/__init__.py -> /home/ubuntu/ros2_ws/build/py_pubsub_lab3/build/lib/py_pubsub_lab3
[0.415s] copying py_pubsub_lab3/listener.py -> /home/ubuntu/ros2_ws/build/py_pubsub_lab3/build/lib/py_pubsub_lab3
[0.417s] running install
[0.418s] running install_lib
[0.425s] creating /home/ubuntu/ros2_ws/install/py_pubsub_lab3/lib/python3.12/site-packages/py_pubsub_lab3
[0.425s] copying /home/ubuntu/ros2_ws/build/py_pubsub_lab3/build/lib/py_pubsub_lab3/talker.py -> /home/ubuntu/ros2_ws/install/py_pubsub_lab3/lib/python3.12/site-packages/py_pubsub_lab3
[0.426s] copying /home/ubuntu/ros2_ws/build/py_pubsub_lab3/build/lib/py_pubsub_lab3/__init__.py -> /home/ubuntu/ros2_ws/install/py_pubsub_lab3/lib/python3.12/site-packages/py_pubsub_lab3
[0.427s] copying /home/ubuntu/ros2_ws/build/py_pubsub_lab3/build/lib/py_pubsub_lab3/listener.py -> /home/ubuntu/ros2_ws/install/py_pubsub_lab3/lib/python3.12/site-packages/py_pubsub_lab3
[0.428s] byte-compiling /home/ubuntu/ros2_ws/install/py_pubsub_lab3/lib/python3.12/site-packages/py_pubsub_lab3/talker.py to talker.cpython-312.pyc
[0.429s]   File "/home/ubuntu/ros2_ws/install/py_pubsub_lab3/lib/python3.12/site-packages/py_pubsub_lab3/talker.py", line 3
[0.429s]     import rclpy.node import Node
[0.430s]                       ^^^^^^
[0.430s] SyntaxError: invalid syntax
[0.431s] 
[0.432s] byte-compiling /home/ubuntu/ros2_ws/install/py_pubsub_lab3/lib/python3.12/site-packages/py_pubsub_lab3/__init__.py to __init__.cpython-312.pyc
[0.432s] byte-compiling /home/ubuntu/ros2_ws/install/py_pubsub_lab3/lib/python3.12/site-packages/py_pubsub_lab3/listener.py to listener.cpython-312.pyc
[0.433s]   File "/home/ubuntu/ros2_ws/install/py_pubsub_lab3/lib/python3.12/site-packages/py_pubsub_lab3/listener.py", line 6
[0.433s]     class ListenerPyLab3(Node)
[0.434s]                               ^
[0.437s] SyntaxError: expected ':'
[0.437s] 
[0.437s] running install_data
[0.438s] creating /home/ubuntu/ros2_ws/install/py_pubsub_lab3/share/ament_index
[0.438s] creating /home/ubuntu/ros2_ws/install/py_pubsub_lab3/share/ament_index/resource_index
[0.438s] creating /home/ubuntu/ros2_ws/install/py_pubsub_lab3/share/ament_index/resource_index/packages
[0.440s] copying resource/py_pubsub_lab3 -> /home/ubuntu/ros2_ws/install/py_pubsub_lab3/share/ament_index/resource_index/packages
[0.441s] copying package.xml -> /home/ubuntu/ros2_ws/install/py_pubsub_lab3/share/py_pubsub_lab3
[0.441s] running install_egg_info
[0.443s] Copying ../../build/py_pubsub_lab3/py_pubsub_lab3.egg-info to /home/ubuntu/ros2_ws/install/py_pubsub_lab3/lib/python3.12/site-packages/py_pubsub_lab3-0.0.0-py3.12.egg-info
[0.449s] running install_scripts
[0.496s] Installing listener script to /home/ubuntu/ros2_ws/install/py_pubsub_lab3/lib/py_pubsub_lab3
[0.496s] Installing talker script to /home/ubuntu/ros2_ws/install/py_pubsub_lab3/lib/py_pubsub_lab3
[0.497s] writing list of installed files to '/home/ubuntu/ros2_ws/build/py_pubsub_lab3/install.log'
[0.510s] Invoked command in '/home/ubuntu/ros2_ws/src/py_pubsub_lab3' returned '0': DEBUGINFOD_URLS=https://debuginfod.ubuntu.com PYTHONPATH=/home/ubuntu/ros2_ws/build/py_pubsub_lab3/prefix_override:/usr/lib/python3/dist-packages/colcon_core/task/python/colcon_distutils_commands:/home/ubuntu/ros2_ws/install/py_pubsub_lab3/lib/python3.12/site-packages:${PYTHONPATH} /usr/bin/python3 -W ignore:setup.py install is deprecated -W ignore:easy_install command is deprecated setup.py egg_info --egg-base ../../build/py_pubsub_lab3 build --build-base /home/ubuntu/ros2_ws/build/py_pubsub_lab3/build install --record /home/ubuntu/ros2_ws/build/py_pubsub_lab3/install.log --single-version-externally-managed install_data
