[0.288s] Invoking command in '/home/ubuntu/ros2_ws/src/py_pubsub_lab3': DEBUGINFOD_URLS=https://debuginfod.ubuntu.com PYTHONPATH=/home/ubuntu/ros2_ws/build/py_pubsub_lab3/prefix_override:/usr/lib/python3/dist-packages/colcon_core/task/python/colcon_distutils_commands:/home/ubuntu/ros2_ws/install/py_pubsub_lab3/lib/python3.12/site-packages:${PYTHONPATH} /usr/bin/python3 -W ignore:setup.py install is deprecated -W ignore:easy_install command is deprecated setup.py egg_info --egg-base ../../build/py_pubsub_lab3 build --build-base /home/ubuntu/ros2_ws/build/py_pubsub_lab3/build install --record /home/ubuntu/ros2_ws/build/py_pubsub_lab3/install.log --single-version-externally-managed install_data
[0.371s] running egg_info
[0.377s] writing ../../build/py_pubsub_lab3/py_pubsub_lab3.egg-info/PKG-INFO
[0.377s] writing dependency_links to ../../build/py_pubsub_lab3/py_pubsub_lab3.egg-info/dependency_links.txt
[0.378s] writing entry points to ../../build/py_pubsub_lab3/py_pubsub_lab3.egg-info/entry_points.txt
[0.378s] writing requirements to ../../build/py_pubsub_lab3/py_pubsub_lab3.egg-info/requires.txt
[0.379s] writing top-level names to ../../build/py_pubsub_lab3/py_pubsub_lab3.egg-info/top_level.txt
[0.391s] reading manifest file '../../build/py_pubsub_lab3/py_pubsub_lab3.egg-info/SOURCES.txt'
[0.392s] writing manifest file '../../build/py_pubsub_lab3/py_pubsub_lab3.egg-info/SOURCES.txt'
[0.393s] running build
[0.393s] running build_py
[0.393s] copying py_pubsub_lab3/talker.py -> /home/ubuntu/ros2_ws/build/py_pubsub_lab3/build/lib/py_pubsub_lab3
[0.395s] running install
[0.397s] running install_lib
[0.403s] copying /home/ubuntu/ros2_ws/build/py_pubsub_lab3/build/lib/py_pubsub_lab3/talker.py -> /home/ubuntu/ros2_ws/install/py_pubsub_lab3/lib/python3.12/site-packages/py_pubsub_lab3
[0.404s] byte-compiling /home/ubuntu/ros2_ws/install/py_pubsub_lab3/lib/python3.12/site-packages/py_pubsub_lab3/talker.py to talker.cpython-312.pyc
[0.405s] running install_data
[0.406s] running install_egg_info
[0.413s] removing '/home/ubuntu/ros2_ws/install/py_pubsub_lab3/lib/python3.12/site-packages/py_pubsub_lab3-0.0.0-py3.12.egg-info' (and everything under it)
[0.414s] Copying ../../build/py_pubsub_lab3/py_pubsub_lab3.egg-info to /home/ubuntu/ros2_ws/install/py_pubsub_lab3/lib/python3.12/site-packages/py_pubsub_lab3-0.0.0-py3.12.egg-info
[0.421s] running install_scripts
[0.468s] Installing listener script to /home/ubuntu/ros2_ws/install/py_pubsub_lab3/lib/py_pubsub_lab3
[0.468s] Installing talker script to /home/ubuntu/ros2_ws/install/py_pubsub_lab3/lib/py_pubsub_lab3
[0.469s] writing list of installed files to '/home/ubuntu/ros2_ws/build/py_pubsub_lab3/install.log'
[0.482s] Invoked command in '/home/ubuntu/ros2_ws/src/py_pubsub_lab3' returned '0': DEBUGINFOD_URLS=https://debuginfod.ubuntu.com PYTHONPATH=/home/ubuntu/ros2_ws/build/py_pubsub_lab3/prefix_override:/usr/lib/python3/dist-packages/colcon_core/task/python/colcon_distutils_commands:/home/ubuntu/ros2_ws/install/py_pubsub_lab3/lib/python3.12/site-packages:${PYTHONPATH} /usr/bin/python3 -W ignore:setup.py install is deprecated -W ignore:easy_install command is deprecated setup.py egg_info --egg-base ../../build/py_pubsub_lab3 build --build-base /home/ubuntu/ros2_ws/build/py_pubsub_lab3/build install --record /home/ubuntu/ros2_ws/build/py_pubsub_lab3/install.log --single-version-externally-managed install_data
